
 Start  Stop   Length Name               Class

 00000H 02519H 0251AH _TEXT              CODE
 0251AH 02A34H 0051BH TEST_TEXT          CODE
 02A36H 02B0BH 000D6H OS_CPU_A_TEXT      CODE
 02B0CH 02CE1H 001D6H OS_CPU_C_TEXT      CODE
 02CE2H 0305EH 0037DH PC_TEXT            CODE
 0305FH 06A20H 039C2H UCOS_II_TEXT       CODE
 06A30H 06A30H 00000H _FARDATA           FAR_DATA
 06A30H 06A30H 00000H _FARBSS            FAR_BSS
 06A30H 06A30H 00000H _OVERLAY_          OVRINFO
 06A30H 06A30H 00000H _1STUB_            STUBSEG
 06A30H 06F1DH 004EEH _DATA              DATA
 06F1EH 06F1FH 00002H _CVTSEG            DATA
 06F20H 06F25H 00006H _SCNSEG            DATA
 06F26H 06F26H 00000H _CONST             CONST
 06F26H 06F31H 0000CH _INIT_             INITDATA
 06F32H 06F32H 00000H _INITEND_          INITDATA
 06F32H 06F32H 00000H _EXIT_             EXITDATA
 06F32H 06F32H 00000H _EXITEND_          EXITDATA
 06F32H 08807H 018D6H _BSS               BSS
 08808H 08808H 00000H _BSSEND            BSSEND
 08810H 0888FH 00080H _STACK             STACK


Detailed map of segments

 0000:0000 0295 C=CODE   S=_TEXT          G=(none)  M=c0.ASM     ACBP=28
 0000:0295 002D C=CODE   S=_TEXT          G=(none)  M=ATEXIT     ACBP=28
 0000:02C2 0093 C=CODE   S=_TEXT          G=(none)  M=EXIT       ACBP=28
 0000:0355 0000 C=CODE   S=_TEXT          G=(none)  M=FILES      ACBP=28
 0000:0355 0000 C=CODE   S=_TEXT          G=(none)  M=FILES2     ACBP=28
 0000:0355 0017 C=CODE   S=_TEXT          G=(none)  M=F_LXMUL    ACBP=28
 0000:036C 0026 C=CODE   S=_TEXT          G=(none)  M=GETDATE    ACBP=28
 0000:0392 00AE C=CODE   S=_TEXT          G=(none)  M=H_LDIV     ACBP=28
 0000:0440 0021 C=CODE   S=_TEXT          G=(none)  M=H_LLSH     ACBP=28
 0000:0461 0021 C=CODE   S=_TEXT          G=(none)  M=H_LURSH    ACBP=28
 0000:0482 0060 C=CODE   S=_TEXT          G=(none)  M=H_PADD     ACBP=28
 0000:04E2 004B C=CODE   S=_TEXT          G=(none)  M=IOERROR    ACBP=28
 0000:052D 0011 C=CODE   S=_TEXT          G=(none)  M=ISATTY     ACBP=28
 0000:053E 00A2 C=CODE   S=_TEXT          G=(none)  M=LONGTOA    ACBP=28
 0000:05E0 0029 C=CODE   S=_TEXT          G=(none)  M=LSEEK      ACBP=28
 0000:0609 0021 C=CODE   S=_TEXT          G=(none)  M=N_PCMP     ACBP=28
 0000:062A 00BA C=CODE   S=_TEXT          G=(none)  M=SETUPIO    ACBP=28
 0000:06E4 0000 C=CODE   S=_TEXT          G=(none)  M=STKLEN     ACBP=28
 0000:06E4 04DB C=CODE   S=_TEXT          G=(none)  M=VPRINTER   ACBP=28
 0000:0BBF 009F C=CODE   S=_TEXT          G=(none)  M=VRAM       ACBP=28
 0000:0C5E 0000 C=CODE   S=_TEXT          G=(none)  M=WSCROLL    ACBP=28
 0000:0C5E 014E C=CODE   S=_TEXT          G=(none)  M=CPRINTF    ACBP=28
 0000:0DAC 01A5 C=CODE   S=_TEXT          G=(none)  M=CRTINIT    ACBP=28
 0000:0F51 001F C=CODE   S=_TEXT          G=(none)  M=CVTFAK     ACBP=28
 0000:0F70 0432 C=CODE   S=_TEXT          G=(none)  M=FARHEAP    ACBP=28
 0000:13A2 0140 C=CODE   S=_TEXT          G=(none)  M=FBRK       ACBP=28
 0000:14E2 005E C=CODE   S=_TEXT          G=(none)  M=GETCH      ACBP=28
 0000:1540 00AC C=CODE   S=_TEXT          G=(none)  M=GPTEXT     ACBP=28
 0000:15EC 0012 C=CODE   S=_TEXT          G=(none)  M=KBHIT      ACBP=28
 0000:15FE 009D C=CODE   S=_TEXT          G=(none)  M=MOVETEXT   ACBP=28
 0000:169B 0017 C=CODE   S=_TEXT          G=(none)  M=PUTCH      ACBP=28
 0000:16B2 0004 C=CODE   S=_TEXT          G=(none)  M=REALCVT    ACBP=28
 0000:16B6 01C7 C=CODE   S=_TEXT          G=(none)  M=SCREEN     ACBP=28
 0000:187D 018E C=CODE   S=_TEXT          G=(none)  M=SCROLL     ACBP=28
 0000:1A0B 001C C=CODE   S=_TEXT          G=(none)  M=SETBLOCK   ACBP=28
 0000:1A27 006A C=CODE   S=_TEXT          G=(none)  M=SETJMP     ACBP=28
 0000:1A91 002C C=CODE   S=_TEXT          G=(none)  M=WHEREXY    ACBP=28
 0000:1ABD 00CD C=CODE   S=_TEXT          G=(none)  M=FFLUSH     ACBP=28
 0000:1B8A 0042 C=CODE   S=_TEXT          G=(none)  M=FLUSHALL   ACBP=28
 0000:1BCC 01E2 C=CODE   S=_TEXT          G=(none)  M=FSEEK      ACBP=28
 0000:1DAE 0024 C=CODE   S=_TEXT          G=(none)  M=MEMCPY     ACBP=28
 0000:1DD2 001B C=CODE   S=_TEXT          G=(none)  M=PRINTF     ACBP=28
 0000:1DED 03C8 C=CODE   S=_TEXT          G=(none)  M=PUTC       ACBP=28
 0000:21B5 011D C=CODE   S=_TEXT          G=(none)  M=SETVBUF    ACBP=28
 0000:22D2 0083 C=CODE   S=_TEXT          G=(none)  M=SPRINTF    ACBP=28
 0000:2355 0151 C=CODE   S=_TEXT          G=(none)  M=WRITE      ACBP=28
 0000:24A6 003C C=CODE   S=_TEXT          G=(none)  M=WRITEA     ACBP=28
 0000:24E2 0038 C=CODE   S=_TEXT          G=(none)  M=XFFLUSH    ACBP=28
 0251:000A 051B C=CODE   S=TEST_TEXT      G=(none)  M=test.c     ACBP=28
 02A3:0006 00D6 C=CODE   S=OS_CPU_A_TEXT  G=(none)  M=\SOFTWARE\uCOS-II\Ix86L\BC45\OS_CPU_A.ASM ACBP=48
 02B0:000C 01D6 C=CODE   S=OS_CPU_C_TEXT  G=(none)  M=os_cpu_c.c ACBP=28
 02CE:0002 037D C=CODE   S=PC_TEXT        G=(none)  M=pc.c       ACBP=28
 0305:000F 39C2 C=CODE   S=UCOS_II_TEXT   G=(none)  M=ucos_ii.c  ACBP=28
 06A3:0000 0000 C=FAR_DATA S=_FARDATA       G=(none)  M=c0.ASM     ACBP=68
 06A3:0000 0000 C=FAR_BSS S=_FARBSS        G=(none)  M=c0.ASM     ACBP=68
 06A3:0000 0000 C=OVRINFO S=_OVERLAY_      G=(none)  M=c0.ASM     ACBP=68
 06A3:0000 0000 C=STUBSEG S=_1STUB_        G=(none)  M=c0.ASM     ACBP=68
 06A3:0000 0093 C=DATA   S=_DATA          G=DGROUP  M=c0.ASM     ACBP=68
 06A3:0094 004E C=DATA   S=_DATA          G=DGROUP  M=test.c     ACBP=48
 06A3:00E2 0000 C=DATA   S=_DATA          G=DGROUP  M=\SOFTWARE\uCOS-II\Ix86L\BC45\OS_CPU_A.ASM ACBP=48
 06A3:00E2 0000 C=DATA   S=_DATA          G=DGROUP  M=os_cpu_c.c ACBP=48
 06A3:00E2 001F C=DATA   S=_DATA          G=DGROUP  M=pc.c       ACBP=48
 06A3:0102 0108 C=DATA   S=_DATA          G=DGROUP  M=ucos_ii.c  ACBP=48
 06A3:020A 0002 C=DATA   S=_DATA          G=DGROUP  M=ATEXIT     ACBP=48
 06A3:020C 000C C=DATA   S=_DATA          G=DGROUP  M=EXIT       ACBP=48
 06A3:0218 0190 C=DATA   S=_DATA          G=DGROUP  M=FILES      ACBP=48
 06A3:03A8 002A C=DATA   S=_DATA          G=DGROUP  M=FILES2     ACBP=48
 06A3:03D2 0000 C=DATA   S=_DATA          G=DGROUP  M=F_LXMUL    ACBP=48
 06A3:03D2 0000 C=DATA   S=_DATA          G=DGROUP  M=GETDATE    ACBP=48
 06A3:03D2 0000 C=DATA   S=_DATA          G=DGROUP  M=H_LDIV     ACBP=48
 06A3:03D2 0000 C=DATA   S=_DATA          G=DGROUP  M=H_LLSH     ACBP=48
 06A3:03D2 0000 C=DATA   S=_DATA          G=DGROUP  M=H_LURSH    ACBP=48
 06A3:03D2 0000 C=DATA   S=_DATA          G=DGROUP  M=H_PADD     ACBP=48
 06A3:03D2 005B C=DATA   S=_DATA          G=DGROUP  M=IOERROR    ACBP=48
 06A3:042E 0000 C=DATA   S=_DATA          G=DGROUP  M=ISATTY     ACBP=48
 06A3:042E 0000 C=DATA   S=_DATA          G=DGROUP  M=LONGTOA    ACBP=48
 06A3:042E 0000 C=DATA   S=_DATA          G=DGROUP  M=LSEEK      ACBP=48
 06A3:042E 0000 C=DATA   S=_DATA          G=DGROUP  M=N_PCMP     ACBP=48
 06A3:042E 0000 C=DATA   S=_DATA          G=DGROUP  M=SETUPIO    ACBP=48
 06A3:042E 0002 C=DATA   S=_DATA          G=DGROUP  M=STKLEN     ACBP=48
 06A3:0430 0067 C=DATA   S=_DATA          G=DGROUP  M=VPRINTER   ACBP=48
 06A3:0498 0000 C=DATA   S=_DATA          G=DGROUP  M=VRAM       ACBP=48
 06A3:0498 0002 C=DATA   S=_DATA          G=DGROUP  M=WSCROLL    ACBP=48
 06A3:049A 0000 C=DATA   S=_DATA          G=DGROUP  M=CPRINTF    ACBP=48
 06A3:049A 0018 C=DATA   S=_DATA          G=DGROUP  M=CRTINIT    ACBP=48
 06A3:04B2 0031 C=DATA   S=_DATA          G=DGROUP  M=CVTFAK     ACBP=48
 06A3:04E4 0000 C=DATA   S=_DATA          G=DGROUP  M=FARHEAP    ACBP=48
 06A3:04E4 0002 C=DATA   S=_DATA          G=DGROUP  M=FBRK       ACBP=48
 06A3:04E6 0000 C=DATA   S=_DATA          G=DGROUP  M=GETCH      ACBP=48
 06A3:04E6 0000 C=DATA   S=_DATA          G=DGROUP  M=GPTEXT     ACBP=48
 06A3:04E6 0002 C=DATA   S=_DATA          G=DGROUP  M=KBHIT      ACBP=48
 06A3:04E8 0000 C=DATA   S=_DATA          G=DGROUP  M=MOVETEXT   ACBP=48
 06A3:04E8 0000 C=DATA   S=_DATA          G=DGROUP  M=PUTCH      ACBP=48
 06A3:04E8 0000 C=DATA   S=_DATA          G=DGROUP  M=REALCVT    ACBP=48
 06A3:04E8 0000 C=DATA   S=_DATA          G=DGROUP  M=SCREEN     ACBP=48
 06A3:04E8 0000 C=DATA   S=_DATA          G=DGROUP  M=SCROLL     ACBP=48
 06A3:04E8 0000 C=DATA   S=_DATA          G=DGROUP  M=SETBLOCK   ACBP=48
 06A3:04E8 0000 C=DATA   S=_DATA          G=DGROUP  M=SETJMP     ACBP=48
 06A3:04E8 0000 C=DATA   S=_DATA          G=DGROUP  M=WHEREXY    ACBP=48
 06A3:04E8 0000 C=DATA   S=_DATA          G=DGROUP  M=FFLUSH     ACBP=48
 06A3:04E8 0000 C=DATA   S=_DATA          G=DGROUP  M=FLUSHALL   ACBP=48
 06A3:04E8 0000 C=DATA   S=_DATA          G=DGROUP  M=FSEEK      ACBP=48
 06A3:04E8 0000 C=DATA   S=_DATA          G=DGROUP  M=MEMCPY     ACBP=48
 06A3:04E8 0000 C=DATA   S=_DATA          G=DGROUP  M=PRINTF     ACBP=48
 06A3:04E8 0001 C=DATA   S=_DATA          G=DGROUP  M=PUTC       ACBP=48
 06A3:04EA 0004 C=DATA   S=_DATA          G=DGROUP  M=SETVBUF    ACBP=48
 06A3:04EE 0000 C=DATA   S=_DATA          G=DGROUP  M=SPRINTF    ACBP=48
 06A3:04EE 0000 C=DATA   S=_DATA          G=DGROUP  M=WRITE      ACBP=48
 06A3:04EE 0000 C=DATA   S=_DATA          G=DGROUP  M=WRITEA     ACBP=48
 06A3:04EE 0000 C=DATA   S=_DATA          G=DGROUP  M=XFFLUSH    ACBP=48
 06A3:04EE 0000 C=DATA   S=_CVTSEG        G=DGROUP  M=c0.ASM     ACBP=48
 06A3:04EE 0002 C=DATA   S=_CVTSEG        G=DGROUP  M=CVTFAK     ACBP=48
 06A3:04F0 0000 C=DATA   S=_CVTSEG        G=DGROUP  M=REALCVT    ACBP=48
 06A3:04F0 0000 C=DATA   S=_SCNSEG        G=DGROUP  M=c0.ASM     ACBP=48
 06A3:04F0 0006 C=DATA   S=_SCNSEG        G=DGROUP  M=CVTFAK     ACBP=48
 06A3:04F6 0000 C=CONST  S=_CONST         G=DGROUP  M=c0.ASM     ACBP=48
 06A3:04F6 0000 C=INITDATA S=_INIT_         G=DGROUP  M=c0.ASM     ACBP=48
 06A3:04F6 0006 C=INITDATA S=_INIT_         G=DGROUP  M=SETUPIO    ACBP=48
 06A3:04FC 0006 C=INITDATA S=_INIT_         G=DGROUP  M=CRTINIT    ACBP=48
 06A3:0502 0000 C=INITDATA S=_INITEND_      G=DGROUP  M=c0.ASM     ACBP=28
 06A3:0502 0000 C=EXITDATA S=_EXIT_         G=DGROUP  M=c0.ASM     ACBP=48
 06A3:0502 0000 C=EXITDATA S=_EXITEND_      G=DGROUP  M=c0.ASM     ACBP=28
 06A3:0502 0000 C=BSS    S=_BSS           G=DGROUP  M=c0.ASM     ACBP=48
 06A3:0502 0C06 C=BSS    S=_BSS           G=DGROUP  M=test.c     ACBP=48
 06A3:1108 0001 C=BSS    S=_BSS           G=DGROUP  M=os_cpu_c.c ACBP=48
 06A3:110A 001B C=BSS    S=_BSS           G=DGROUP  M=pc.c       ACBP=48
 06A3:1126 0C30 C=BSS    S=_BSS           G=DGROUP  M=ucos_ii.c  ACBP=48
 06A3:1D56 0080 C=BSS    S=_BSS           G=DGROUP  M=ATEXIT     ACBP=48
 06A3:1DD6 0000 C=BSS    S=_BSS           G=DGROUP  M=IOERROR    ACBP=48
 06A3:1DD6 0000 C=BSS    S=_BSS           G=DGROUP  M=ISATTY     ACBP=48
 06A3:1DD6 0000 C=BSS    S=_BSS           G=DGROUP  M=LONGTOA    ACBP=48
 06A3:1DD6 0000 C=BSS    S=_BSS           G=DGROUP  M=LSEEK      ACBP=48
 06A3:1DD6 0000 C=BSS    S=_BSS           G=DGROUP  M=SETUPIO    ACBP=48
 06A3:1DD6 0000 C=BSS    S=_BSS           G=DGROUP  M=VPRINTER   ACBP=48
 06A3:1DD6 0000 C=BSS    S=_BSS           G=DGROUP  M=VRAM       ACBP=48
 06A3:1DD6 0000 C=BSS    S=_BSS           G=DGROUP  M=CRTINIT    ACBP=48
 06A3:1DD6 0000 C=BSS    S=_BSS           G=DGROUP  M=GETCH      ACBP=48
 06A3:1DD6 0000 C=BSS    S=_BSS           G=DGROUP  M=KBHIT      ACBP=48
 06A3:1DD6 0000 C=BSS    S=_BSS           G=DGROUP  M=SETBLOCK   ACBP=48
 06A3:1DD6 0000 C=BSS    S=_BSS           G=DGROUP  M=SETJMP     ACBP=48
 06A3:1DD6 0000 C=BSS    S=_BSS           G=DGROUP  M=MEMCPY     ACBP=48
 06A3:1DD6 0001 C=BSS    S=_BSS           G=DGROUP  M=PUTC       ACBP=48
 06A3:1DD8 0000 C=BSS    S=_BSS           G=DGROUP  M=WRITEA     ACBP=48
 06A3:1DD8 0000 C=BSSEND S=_BSSEND        G=DGROUP  M=c0.ASM     ACBP=28
 0881:0000 0080 C=STACK  S=_STACK         G=(none)  M=c0.ASM     ACBP=74

  Address         Publics by Name

 06A3:0000 idle  DATASEG@
 0000:0291 idle  DGROUP@
 0000:0395 idle  F_LDIV@
 0000:03A4 idle  F_LMOD@
 0000:039C       F_LUDIV@
 0000:03AC idle  F_LUMOD@
 0000:0443       F_LXLSH@
 0000:0355       F_LXMUL@
 0000:0464       F_LXURSH@
 0000:0485 idle  F_PADD@
 0000:04B4 idle  F_PSUB@
 0000:0395 idle  LDIV@
 0000:03A4 idle  LMOD@
 0000:039C idle  LUDIV@
 0000:03AC idle  LUMOD@
 0000:0443 idle  LXLSH@
 0000:0355 idle  LXMUL@
 0000:0464 idle  LXURSH@
 0000:0392 idle  N_LDIV@
 0000:03A1 idle  N_LMOD@
 0000:0399 idle  N_LUDIV@
 0000:03A9 idle  N_LUMOD@
 0000:0440       N_LXLSH@
 0000:0461 idle  N_LXURSH@
 0000:0482       N_PADD@
 0000:0609       N_PCMP@
 0000:04B1 idle  N_PSUB@
 0000:0485 idle  PADD@
 0000:04B4 idle  PSUB@
 0000:027A       _abort
 0251:041C idle  _ArgumentSet
 0000:0295 idle  _atexit
 06A3:1D52       _buf
 06A3:1D4A       _col_size
 0000:0D90 idle  _cprintf
 06A3:04A9       _directvideo
 06A3:007F       _errno
 0000:031A       _exit
 0000:10B0 idle  _farfree
 0000:11C4 idle  _farmalloc
 0000:1328 idle  _farrealloc
 0000:1ABD       _fflush
 0000:1B8A       _flushall
 0000:1E09 idle  _fputc
 0000:1F9E idle  _fputchar
 0000:10B0       _free
 0000:1C4E       _fseek
 0000:1CCE idle  _ftell
 0000:14E2       _getch
 0000:14FE idle  _getche
 0000:036C       _getdate
 0000:1540       _gettext
 0000:037F       _gettime
 06A3:0502 idle  _i
 0000:052D       _isatty
 0000:15EC       _kbhit
 0000:1A5D       _longjmp
 0000:05E0       _lseek
 0251:000A       _main
 0000:11BA       _malloc
 0000:1DAE       _memcpy
 0000:15FE       _movetext
 06A3:1D06 idle  _OSCPUUsage
 02A3:0024       _OSCtxSw
 06A3:1D46 idle  _OSCtxSwCtr
 06A3:1D42 idle  _OSEventFreeList
 06A3:1D2E idle  _OSEventTbl
 0305:0B14 idle  _OSFlagAccept
 0305:0C46 idle  _OSFlagCreate
 0305:0CBE idle  _OSFlagDel
 06A3:1D07 idle  _OSFlagFreeList
 0305:0E00 idle  _OSFlagPend
 0305:105A idle  _OSFlagPost
 0305:11FA idle  _OSFlagQuery
 06A3:1D0B idle  _OSFlagTbl
 06A3:18EF idle  _OSIdleCtr
 06A3:1D02 idle  _OSIdleCtrMax
 06A3:1CFE idle  _OSIdleCtrRun
 0305:000F       _OSInit
 02B0:000C       _OSInitHookBegin
 02B0:000D       _OSInitHookEnd
 02A3:005F       _OSIntCtxSw
 0305:0047 idle  _OSIntEnter
 0305:005A       _OSIntExit
 06A3:18FB idle  _OSIntExitY
 06A3:18FC       _OSIntNesting
 06A3:18FA idle  _OSLockNesting
 06A3:0102 idle  _OSMapTbl
 0305:148A idle  _OSMboxAccept
 0305:14D5 idle  _OSMboxCreate
 0305:154A idle  _OSMboxDel
 0305:1668 idle  _OSMboxPend
 0305:176A idle  _OSMboxPost
 0305:17E2 idle  _OSMboxPostOpt
 0305:1885 idle  _OSMboxQuery
 0305:1913 idle  _OSMemCreate
 06A3:11C2 idle  _OSMemFreeList
 0305:1A5E idle  _OSMemGet
 0305:1ADC idle  _OSMemPut
 0305:1B4C idle  _OSMemQuery
 06A3:115E idle  _OSMemTbl
 0305:1C99 idle  _OSMutexAccept
 0305:1D24 idle  _OSMutexCreate
 0305:1E0A idle  _OSMutexDel
 0305:1F64 idle  _OSMutexPend
 0305:214F idle  _OSMutexPost
 0305:22D7 idle  _OSMutexQuery
 06A3:18F9       _OSPrioCur
 06A3:18F8       _OSPrioHighRdy
 0305:238C idle  _OSQAccept
 0305:242C idle  _OSQCreate
 0305:254F idle  _OSQDel
 0305:26CC idle  _OSQFlush
 06A3:115A idle  _OSQFreeList
 0305:2724 idle  _OSQPend
 0305:286A idle  _OSQPost
 0305:2932 idle  _OSQPostFront
 0305:29F4 idle  _OSQPostOpt
 0305:2B32 idle  _OSQQuery
 06A3:112A idle  _OSQTbl
 06A3:18F7 idle  _OSRdyGrp
 06A3:18F5 idle  _OSRdyTbl
 06A3:18F4       _OSRunning
 0305:019D idle  _OSSchedLock
 0305:01B3 idle  _OSSchedUnlock
 0305:2C57 idle  _OSSemAccept
 0305:2C89 idle  _OSSemCreate
 0305:2CFD idle  _OSSemDel
 0305:2E1B idle  _OSSemPend
 0305:2ECB idle  _OSSemPost
 0305:2F25 idle  _OSSemQuery
 0305:01E0       _OSStart
 02A3:0006       _OSStartHighRdy
 0305:02EF idle  _OSStatInit
 06A3:1CFD idle  _OSStatRdy
 0305:2FAB idle  _OSTaskChangePrio
 0305:3177       _OSTaskCreate
 0305:3234 idle  _OSTaskCreateExt
 02B0:000E       _OSTaskCreateHook
 06A3:18F3 idle  _OSTaskCtr
 0305:3324 idle  _OSTaskDel
 02B0:0013       _OSTaskDelHook
 0305:3503 idle  _OSTaskDelReq
 02B0:0018       _OSTaskIdleHook
 06A3:14EF idle  _OSTaskIdleStk
 0305:3781 idle  _OSTaskQuery
 0305:356F idle  _OSTaskResume
 02B0:0019       _OSTaskStatHook
 06A3:18FD idle  _OSTaskStatStk
 0305:35EE idle  _OSTaskStkChk
 02B0:001A       _OSTaskStkInit
 02B0:0100 idle  _OSTaskStkInit_FPE_x86
 0305:36D3 idle  _OSTaskSuspend
 02B0:01DB       _OSTaskSwHook
 06A3:14EB       _OSTCBCur
 06A3:14E7 idle  _OSTCBFreeList
 06A3:14E3       _OSTCBHighRdy
 02B0:01DC       _OSTCBInitHook
 06A3:14DF       _OSTCBList
 06A3:14AB idle  _OSTCBPrioTbl
 06A3:11C6 idle  _OSTCBTbl
 06A3:1108       _OSTickDOSCtr
 02A3:008C       _OSTickISR
 06A3:1126 idle  _OSTime
 0305:37EF       _OSTimeDly
 0305:3836 idle  _OSTimeDlyHMSM
 0305:3925 idle  _OSTimeDlyResume
 0305:399D       _OSTimeGet
 0305:39BC idle  _OSTimeSet
 0305:032A       _OSTimeTick
 02B0:01E1       _OSTimeTickHook
 06A3:010A idle  _OSUnMapTbl
 0305:03DB idle  _OSVersion
 0305:03DF idle  _OS_Dummy
 0305:03E0 idle  _OS_EventTaskRdy
 0305:04AA idle  _OS_EventTaskWait
 0305:0517 idle  _OS_EventTO
 0305:056B idle  _OS_EventWaitListInit
 0305:131C idle  _OS_FlagInit
 0305:13DB idle  _OS_FlagUnlink
 0305:1BF5 idle  _OS_MemInit
 0305:2C07 idle  _OS_QInit
 0305:0765 idle  _OS_Sched
 0305:0890 idle  _OS_TaskIdle
 0305:08B5 idle  _OS_TaskStat
 0305:0981 idle  _OS_TCBInit
 02CE:0002 idle  _PC_DispChar
 02CE:0040 idle  _PC_DispClrCol
 02CE:0086 idle  _PC_DispClrRow
 02CE:00BF       _PC_DispClrScr
 02CE:00F0 idle  _PC_DispStr
 02CE:013F       _PC_DOSReturn
 02CE:0153       _PC_DOSSaveReturn
 02CE:01C1 idle  _PC_ElapsedInit
 02CE:01D5 idle  _PC_ElapsedStart
 02CE:01FB idle  _PC_ElapsedStop
 02CE:024C idle  _PC_GetDateTime
 02CE:029F       _PC_GetKey
 02CE:02C6       _PC_SetTickRate
 06A3:110A idle  _PC_TickISR
 02CE:0313 idle  _PC_VectGet
 02CE:034A       _PC_VectSet
 06A3:1D50       _pos
 0251:0229 idle  _Print
 0000:1DD2       _printf
 06A3:1D4E       _print_pos
 06A3:0504 idle  _ptcb
 0000:169B       _putch
 0000:1596       _puttext
 0000:1321 idle  _realloc
 06A3:1D4C       _row_size
 0000:1A0B       _setblock
 0000:1A27       _setjmp
 0000:21B5       _setvbuf
 0000:2312       _sprintf
 0251:0082 idle  _Task1
 0251:013B idle  _Task2
 0251:01B2 idle  _Task3
 06A3:0508 idle  _TaskStk
 0000:1522 idle  _ungetch
 0000:2334 idle  _vsprintf
 0000:1A9B idle  _wherex
 0000:1AAA idle  _wherey
 0000:1000 idle  __AHINCR
 0000:000C idle  __AHSHIFT
 06A3:020A       __atexitcnt
 06A3:1D56       __atexittbl
 0000:1418       __brk
 06A3:008B       __brklvl
 06A3:006B idle  __C0argc
 06A3:006D idle  __C0argv
 0000:0E72 idle  __c0crtinit
 06A3:0071 idle  __C0environ
 06A3:04E7       __cChar
 0000:033B idle  __cexit
 06A3:04E6       __cFlag
 0000:016A       __checknull
 0000:0157       __cleanup
 0000:0C5E       __CPUTN
 0000:0E8F idle  __crtinit
 0000:0000  Abs  __cvtfak
 0000:0349 idle  __c_exit
 06A3:03D2 idle  __doserrno
 0000:051B idle  __DOSERROR
 06A3:03D4 idle  __dosErrorToSV
 06A3:0075 idle  __envLng
 06A3:0077 idle  __envseg
 06A3:0079 idle  __envSize
 0000:0329       __exit
 06A3:020C       __exitbuf
 06A3:0210 idle  __exitfopen
 06A3:0214 idle  __exitopen
 0000:1DED idle  __fputc
 0000:1FB2       __FPUTN
 06A3:0087       __heapbase
 06A3:008F       __heaptop
 06A3:005B idle  __Int0Vector
 06A3:005F idle  __Int4Vector
 06A3:0063 idle  __Int5Vector
 06A3:0067 idle  __Int6Vector
 0000:04E2       __IOERROR
 0000:053E       __LONGTOA
 0000:0293 idle  __MMODEL
 06A3:03A8       __nfile
 0000:14FB idle  __Ngetche
 0000:151F idle  __Nungetch
 06A3:03AA       __openfd
 06A3:007D idle  __osmajor
 06A3:007E idle  __osminor
 06A3:007D idle  __osversion
 06A3:007B       __psp
 0000:16B2       __REALCVT
 06A3:04EE       __RealCvtVector
 0000:01C0       __restorezero
 0000:1457       __sbrk
 06A3:04F0 idle  __ScanTodVector
 0000:17EC       __SCREENIO
 0000:189F       __SCROLL
 0000:062A       __setupio
 06A3:0081 idle  __StartTime
 06A3:042E       __stklen
 06A3:0218       __streams
 0000:016B       __terminate
 0000:0000 idle  __turboCrt
 0000:05C0 idle  __UTOA
 0000:1828       __VALIDATEXY
 06A3:007D idle  __version
 06A3:049A       __video
 0000:0DE7       __VideoInt
 0000:06FC       __VPRINTER
 0000:0BBF       __VPTR
 0000:0BE4       __VRAM
 0000:1A91       __wherexy
 0000:24A6       __write
 06A3:0498       __wscroll
 0000:24E2       __xfflush
 06A3:0085 idle  ___brklvl
 0000:0F70 idle  ___first
 0000:0F72 idle  ___last
 0000:0F74 idle  ___rover
 0000:2355       ___write

  Address         Publics by Value

 0000:0000 idle  __turboCrt
 0000:0000  Abs  __cvtfak
 0000:000C idle  __AHSHIFT
 0000:0157       __cleanup
 0000:016A       __checknull
 0000:016B       __terminate
 0000:01C0       __restorezero
 0000:027A       _abort
 0000:0291 idle  DGROUP@
 0000:0293 idle  __MMODEL
 0000:0295 idle  _atexit
 0000:031A       _exit
 0000:0329       __exit
 0000:033B idle  __cexit
 0000:0349 idle  __c_exit
 0000:0355       F_LXMUL@
 0000:0355 idle  LXMUL@
 0000:036C       _getdate
 0000:037F       _gettime
 0000:0392 idle  N_LDIV@
 0000:0395 idle  LDIV@
 0000:0395 idle  F_LDIV@
 0000:0399 idle  N_LUDIV@
 0000:039C       F_LUDIV@
 0000:039C idle  LUDIV@
 0000:03A1 idle  N_LMOD@
 0000:03A4 idle  F_LMOD@
 0000:03A4 idle  LMOD@
 0000:03A9 idle  N_LUMOD@
 0000:03AC idle  LUMOD@
 0000:03AC idle  F_LUMOD@
 0000:0440       N_LXLSH@
 0000:0443       F_LXLSH@
 0000:0443 idle  LXLSH@
 0000:0461 idle  N_LXURSH@
 0000:0464       F_LXURSH@
 0000:0464 idle  LXURSH@
 0000:0482       N_PADD@
 0000:0485 idle  F_PADD@
 0000:0485 idle  PADD@
 0000:04B1 idle  N_PSUB@
 0000:04B4 idle  F_PSUB@
 0000:04B4 idle  PSUB@
 0000:04E2       __IOERROR
 0000:051B idle  __DOSERROR
 0000:052D       _isatty
 0000:053E       __LONGTOA
 0000:05C0 idle  __UTOA
 0000:05E0       _lseek
 0000:0609       N_PCMP@
 0000:062A       __setupio
 0000:06FC       __VPRINTER
 0000:0BBF       __VPTR
 0000:0BE4       __VRAM
 0000:0C5E       __CPUTN
 0000:0D90 idle  _cprintf
 0000:0DE7       __VideoInt
 0000:0E72 idle  __c0crtinit
 0000:0E8F idle  __crtinit
 0000:0F70 idle  ___first
 0000:0F72 idle  ___last
 0000:0F74 idle  ___rover
 0000:1000 idle  __AHINCR
 0000:10B0       _free
 0000:10B0 idle  _farfree
 0000:11BA       _malloc
 0000:11C4 idle  _farmalloc
 0000:1321 idle  _realloc
 0000:1328 idle  _farrealloc
 0000:1418       __brk
 0000:1457       __sbrk
 0000:14E2       _getch
 0000:14FB idle  __Ngetche
 0000:14FE idle  _getche
 0000:151F idle  __Nungetch
 0000:1522 idle  _ungetch
 0000:1540       _gettext
 0000:1596       _puttext
 0000:15EC       _kbhit
 0000:15FE       _movetext
 0000:169B       _putch
 0000:16B2       __REALCVT
 0000:17EC       __SCREENIO
 0000:1828       __VALIDATEXY
 0000:189F       __SCROLL
 0000:1A0B       _setblock
 0000:1A27       _setjmp
 0000:1A5D       _longjmp
 0000:1A91       __wherexy
 0000:1A9B idle  _wherex
 0000:1AAA idle  _wherey
 0000:1ABD       _fflush
 0000:1B8A       _flushall
 0000:1C4E       _fseek
 0000:1CCE idle  _ftell
 0000:1DAE       _memcpy
 0000:1DD2       _printf
 0000:1DED idle  __fputc
 0000:1E09 idle  _fputc
 0000:1F9E idle  _fputchar
 0000:1FB2       __FPUTN
 0000:21B5       _setvbuf
 0000:2312       _sprintf
 0000:2334 idle  _vsprintf
 0000:2355       ___write
 0000:24A6       __write
 0000:24E2       __xfflush
 0251:000A       _main
 0251:0082 idle  _Task1
 0251:013B idle  _Task2
 0251:01B2 idle  _Task3
 0251:0229 idle  _Print
 0251:041C idle  _ArgumentSet
 02A3:0006       _OSStartHighRdy
 02A3:0024       _OSCtxSw
 02A3:005F       _OSIntCtxSw
 02A3:008C       _OSTickISR
 02B0:000C       _OSInitHookBegin
 02B0:000D       _OSInitHookEnd
 02B0:000E       _OSTaskCreateHook
 02B0:0013       _OSTaskDelHook
 02B0:0018       _OSTaskIdleHook
 02B0:0019       _OSTaskStatHook
 02B0:001A       _OSTaskStkInit
 02B0:0100 idle  _OSTaskStkInit_FPE_x86
 02B0:01DB       _OSTaskSwHook
 02B0:01DC       _OSTCBInitHook
 02B0:01E1       _OSTimeTickHook
 02CE:0002 idle  _PC_DispChar
 02CE:0040 idle  _PC_DispClrCol
 02CE:0086 idle  _PC_DispClrRow
 02CE:00BF       _PC_DispClrScr
 02CE:00F0 idle  _PC_DispStr
 02CE:013F       _PC_DOSReturn
 02CE:0153       _PC_DOSSaveReturn
 02CE:01C1 idle  _PC_ElapsedInit
 02CE:01D5 idle  _PC_ElapsedStart
 02CE:01FB idle  _PC_ElapsedStop
 02CE:024C idle  _PC_GetDateTime
 02CE:029F       _PC_GetKey
 02CE:02C6       _PC_SetTickRate
 02CE:0313 idle  _PC_VectGet
 02CE:034A       _PC_VectSet
 0305:000F       _OSInit
 0305:0047 idle  _OSIntEnter
 0305:005A       _OSIntExit
 0305:019D idle  _OSSchedLock
 0305:01B3 idle  _OSSchedUnlock
 0305:01E0       _OSStart
 0305:02EF idle  _OSStatInit
 0305:032A       _OSTimeTick
 0305:03DB idle  _OSVersion
 0305:03DF idle  _OS_Dummy
 0305:03E0 idle  _OS_EventTaskRdy
 0305:04AA idle  _OS_EventTaskWait
 0305:0517 idle  _OS_EventTO
 0305:056B idle  _OS_EventWaitListInit
 0305:0765 idle  _OS_Sched
 0305:0890 idle  _OS_TaskIdle
 0305:08B5 idle  _OS_TaskStat
 0305:0981 idle  _OS_TCBInit
 0305:0B14 idle  _OSFlagAccept
 0305:0C46 idle  _OSFlagCreate
 0305:0CBE idle  _OSFlagDel
 0305:0E00 idle  _OSFlagPend
 0305:105A idle  _OSFlagPost
 0305:11FA idle  _OSFlagQuery
 0305:131C idle  _OS_FlagInit
 0305:13DB idle  _OS_FlagUnlink
 0305:148A idle  _OSMboxAccept
 0305:14D5 idle  _OSMboxCreate
 0305:154A idle  _OSMboxDel
 0305:1668 idle  _OSMboxPend
 0305:176A idle  _OSMboxPost
 0305:17E2 idle  _OSMboxPostOpt
 0305:1885 idle  _OSMboxQuery
 0305:1913 idle  _OSMemCreate
 0305:1A5E idle  _OSMemGet
 0305:1ADC idle  _OSMemPut
 0305:1B4C idle  _OSMemQuery
 0305:1BF5 idle  _OS_MemInit
 0305:1C99 idle  _OSMutexAccept
 0305:1D24 idle  _OSMutexCreate
 0305:1E0A idle  _OSMutexDel
 0305:1F64 idle  _OSMutexPend
 0305:214F idle  _OSMutexPost
 0305:22D7 idle  _OSMutexQuery
 0305:238C idle  _OSQAccept
 0305:242C idle  _OSQCreate
 0305:254F idle  _OSQDel
 0305:26CC idle  _OSQFlush
 0305:2724 idle  _OSQPend
 0305:286A idle  _OSQPost
 0305:2932 idle  _OSQPostFront
 0305:29F4 idle  _OSQPostOpt
 0305:2B32 idle  _OSQQuery
 0305:2C07 idle  _OS_QInit
 0305:2C57 idle  _OSSemAccept
 0305:2C89 idle  _OSSemCreate
 0305:2CFD idle  _OSSemDel
 0305:2E1B idle  _OSSemPend
 0305:2ECB idle  _OSSemPost
 0305:2F25 idle  _OSSemQuery
 0305:2FAB idle  _OSTaskChangePrio
 0305:3177       _OSTaskCreate
 0305:3234 idle  _OSTaskCreateExt
 0305:3324 idle  _OSTaskDel
 0305:3503 idle  _OSTaskDelReq
 0305:356F idle  _OSTaskResume
 0305:35EE idle  _OSTaskStkChk
 0305:36D3 idle  _OSTaskSuspend
 0305:3781 idle  _OSTaskQuery
 0305:37EF       _OSTimeDly
 0305:3836 idle  _OSTimeDlyHMSM
 0305:3925 idle  _OSTimeDlyResume
 0305:399D       _OSTimeGet
 0305:39BC idle  _OSTimeSet
 06A3:0000 idle  DATASEG@
 06A3:005B idle  __Int0Vector
 06A3:005F idle  __Int4Vector
 06A3:0063 idle  __Int5Vector
 06A3:0067 idle  __Int6Vector
 06A3:006B idle  __C0argc
 06A3:006D idle  __C0argv
 06A3:0071 idle  __C0environ
 06A3:0075 idle  __envLng
 06A3:0077 idle  __envseg
 06A3:0079 idle  __envSize
 06A3:007B       __psp
 06A3:007D idle  __osversion
 06A3:007D idle  __osmajor
 06A3:007D idle  __version
 06A3:007E idle  __osminor
 06A3:007F       _errno
 06A3:0081 idle  __StartTime
 06A3:0085 idle  ___brklvl
 06A3:0087       __heapbase
 06A3:008B       __brklvl
 06A3:008F       __heaptop
 06A3:0102 idle  _OSMapTbl
 06A3:010A idle  _OSUnMapTbl
 06A3:020A       __atexitcnt
 06A3:020C       __exitbuf
 06A3:0210 idle  __exitfopen
 06A3:0214 idle  __exitopen
 06A3:0218       __streams
 06A3:03A8       __nfile
 06A3:03AA       __openfd
 06A3:03D2 idle  __doserrno
 06A3:03D4 idle  __dosErrorToSV
 06A3:042E       __stklen
 06A3:0498       __wscroll
 06A3:049A       __video
 06A3:04A9       _directvideo
 06A3:04E6       __cFlag
 06A3:04E7       __cChar
 06A3:04EE       __RealCvtVector
 06A3:04F0 idle  __ScanTodVector
 06A3:0502 idle  _i
 06A3:0504 idle  _ptcb
 06A3:0508 idle  _TaskStk
 06A3:1108       _OSTickDOSCtr
 06A3:110A idle  _PC_TickISR
 06A3:1126 idle  _OSTime
 06A3:112A idle  _OSQTbl
 06A3:115A idle  _OSQFreeList
 06A3:115E idle  _OSMemTbl
 06A3:11C2 idle  _OSMemFreeList
 06A3:11C6 idle  _OSTCBTbl
 06A3:14AB idle  _OSTCBPrioTbl
 06A3:14DF       _OSTCBList
 06A3:14E3       _OSTCBHighRdy
 06A3:14E7 idle  _OSTCBFreeList
 06A3:14EB       _OSTCBCur
 06A3:14EF idle  _OSTaskIdleStk
 06A3:18EF idle  _OSIdleCtr
 06A3:18F3 idle  _OSTaskCtr
 06A3:18F4       _OSRunning
 06A3:18F5 idle  _OSRdyTbl
 06A3:18F7 idle  _OSRdyGrp
 06A3:18F8       _OSPrioHighRdy
 06A3:18F9       _OSPrioCur
 06A3:18FA idle  _OSLockNesting
 06A3:18FB idle  _OSIntExitY
 06A3:18FC       _OSIntNesting
 06A3:18FD idle  _OSTaskStatStk
 06A3:1CFD idle  _OSStatRdy
 06A3:1CFE idle  _OSIdleCtrRun
 06A3:1D02 idle  _OSIdleCtrMax
 06A3:1D06 idle  _OSCPUUsage
 06A3:1D07 idle  _OSFlagFreeList
 06A3:1D0B idle  _OSFlagTbl
 06A3:1D2E idle  _OSEventTbl
 06A3:1D42 idle  _OSEventFreeList
 06A3:1D46 idle  _OSCtxSwCtr
 06A3:1D4A       _col_size
 06A3:1D4C       _row_size
 06A3:1D4E       _print_pos
 06A3:1D50       _pos
 06A3:1D52       _buf
 06A3:1D56       __atexittbl

Program entry point at 0000:0000

