
 Start  Stop   Length Name               Class

 00000H 02519H 0251AH _TEXT              CODE
 0251AH 02A00H 004E7H TEST_TEXT          CODE
 02A02H 02AD7H 000D6H OS_CPU_A_TEXT      CODE
 02AD8H 02CADH 001D6H OS_CPU_C_TEXT      CODE
 02CAEH 0302AH 0037DH PC_TEXT            CODE
 0302BH 06948H 0391EH UCOS_II_TEXT       CODE
 06950H 06950H 00000H _FARDATA           FAR_DATA
 06950H 06950H 00000H _FARBSS            FAR_BSS
 06950H 06950H 00000H _OVERLAY_          OVRINFO
 06950H 06950H 00000H _1STUB_            STUBSEG
 06950H 06E3DH 004EEH _DATA              DATA
 06E3EH 06E3FH 00002H _CVTSEG            DATA
 06E40H 06E45H 00006H _SCNSEG            DATA
 06E46H 06E46H 00000H _CONST             CONST
 06E46H 06E51H 0000CH _INIT_             INITDATA
 06E52H 06E52H 00000H _INITEND_          INITDATA
 06E52H 06E52H 00000H _EXIT_             EXITDATA
 06E52H 06E52H 00000H _EXITEND_          EXITDATA
 06E52H 0870DH 018BCH _BSS               BSS
 0870EH 0870EH 00000H _BSSEND            BSSEND
 08710H 0878FH 00080H _STACK             STACK


Detailed map of segments

 0000:0000 0295 C=CODE   S=_TEXT          G=(none)  M=c0.ASM     ACBP=28
 0000:0295 002D C=CODE   S=_TEXT          G=(none)  M=ATEXIT     ACBP=28
 0000:02C2 0093 C=CODE   S=_TEXT          G=(none)  M=EXIT       ACBP=28
 0000:0355 0000 C=CODE   S=_TEXT          G=(none)  M=FILES      ACBP=28
 0000:0355 0000 C=CODE   S=_TEXT          G=(none)  M=FILES2     ACBP=28
 0000:0355 0017 C=CODE   S=_TEXT          G=(none)  M=F_LXMUL    ACBP=28
 0000:036C 0026 C=CODE   S=_TEXT          G=(none)  M=GETDATE    ACBP=28
 0000:0392 00AE C=CODE   S=_TEXT          G=(none)  M=H_LDIV     ACBP=28
 0000:0440 0021 C=CODE   S=_TEXT          G=(none)  M=H_LLSH     ACBP=28
 0000:0461 0021 C=CODE   S=_TEXT          G=(none)  M=H_LURSH    ACBP=28
 0000:0482 0060 C=CODE   S=_TEXT          G=(none)  M=H_PADD     ACBP=28
 0000:04E2 004B C=CODE   S=_TEXT          G=(none)  M=IOERROR    ACBP=28
 0000:052D 0011 C=CODE   S=_TEXT          G=(none)  M=ISATTY     ACBP=28
 0000:053E 00A2 C=CODE   S=_TEXT          G=(none)  M=LONGTOA    ACBP=28
 0000:05E0 0029 C=CODE   S=_TEXT          G=(none)  M=LSEEK      ACBP=28
 0000:0609 0021 C=CODE   S=_TEXT          G=(none)  M=N_PCMP     ACBP=28
 0000:062A 00BA C=CODE   S=_TEXT          G=(none)  M=SETUPIO    ACBP=28
 0000:06E4 0000 C=CODE   S=_TEXT          G=(none)  M=STKLEN     ACBP=28
 0000:06E4 04DB C=CODE   S=_TEXT          G=(none)  M=VPRINTER   ACBP=28
 0000:0BBF 009F C=CODE   S=_TEXT          G=(none)  M=VRAM       ACBP=28
 0000:0C5E 0000 C=CODE   S=_TEXT          G=(none)  M=WSCROLL    ACBP=28
 0000:0C5E 014E C=CODE   S=_TEXT          G=(none)  M=CPRINTF    ACBP=28
 0000:0DAC 01A5 C=CODE   S=_TEXT          G=(none)  M=CRTINIT    ACBP=28
 0000:0F51 001F C=CODE   S=_TEXT          G=(none)  M=CVTFAK     ACBP=28
 0000:0F70 0432 C=CODE   S=_TEXT          G=(none)  M=FARHEAP    ACBP=28
 0000:13A2 0140 C=CODE   S=_TEXT          G=(none)  M=FBRK       ACBP=28
 0000:14E2 005E C=CODE   S=_TEXT          G=(none)  M=GETCH      ACBP=28
 0000:1540 00AC C=CODE   S=_TEXT          G=(none)  M=GPTEXT     ACBP=28
 0000:15EC 0012 C=CODE   S=_TEXT          G=(none)  M=KBHIT      ACBP=28
 0000:15FE 009D C=CODE   S=_TEXT          G=(none)  M=MOVETEXT   ACBP=28
 0000:169B 0017 C=CODE   S=_TEXT          G=(none)  M=PUTCH      ACBP=28
 0000:16B2 0004 C=CODE   S=_TEXT          G=(none)  M=REALCVT    ACBP=28
 0000:16B6 01C7 C=CODE   S=_TEXT          G=(none)  M=SCREEN     ACBP=28
 0000:187D 018E C=CODE   S=_TEXT          G=(none)  M=SCROLL     ACBP=28
 0000:1A0B 001C C=CODE   S=_TEXT          G=(none)  M=SETBLOCK   ACBP=28
 0000:1A27 006A C=CODE   S=_TEXT          G=(none)  M=SETJMP     ACBP=28
 0000:1A91 002C C=CODE   S=_TEXT          G=(none)  M=WHEREXY    ACBP=28
 0000:1ABD 00CD C=CODE   S=_TEXT          G=(none)  M=FFLUSH     ACBP=28
 0000:1B8A 0042 C=CODE   S=_TEXT          G=(none)  M=FLUSHALL   ACBP=28
 0000:1BCC 01E2 C=CODE   S=_TEXT          G=(none)  M=FSEEK      ACBP=28
 0000:1DAE 0024 C=CODE   S=_TEXT          G=(none)  M=MEMCPY     ACBP=28
 0000:1DD2 001B C=CODE   S=_TEXT          G=(none)  M=PRINTF     ACBP=28
 0000:1DED 03C8 C=CODE   S=_TEXT          G=(none)  M=PUTC       ACBP=28
 0000:21B5 011D C=CODE   S=_TEXT          G=(none)  M=SETVBUF    ACBP=28
 0000:22D2 0083 C=CODE   S=_TEXT          G=(none)  M=SPRINTF    ACBP=28
 0000:2355 0151 C=CODE   S=_TEXT          G=(none)  M=WRITE      ACBP=28
 0000:24A6 003C C=CODE   S=_TEXT          G=(none)  M=WRITEA     ACBP=28
 0000:24E2 0038 C=CODE   S=_TEXT          G=(none)  M=XFFLUSH    ACBP=28
 0251:000A 04E7 C=CODE   S=TEST_TEXT      G=(none)  M=test.c     ACBP=28
 02A0:0002 00D6 C=CODE   S=OS_CPU_A_TEXT  G=(none)  M=\SOFTWARE\uCOS-II\Ix86L\BC45\OS_CPU_A.ASM ACBP=48
 02AD:0008 01D6 C=CODE   S=OS_CPU_C_TEXT  G=(none)  M=os_cpu_c.c ACBP=28
 02CA:000E 037D C=CODE   S=PC_TEXT        G=(none)  M=pc.c       ACBP=28
 0302:000B 391E C=CODE   S=UCOS_II_TEXT   G=(none)  M=ucos_ii.c  ACBP=28
 0695:0000 0000 C=FAR_DATA S=_FARDATA       G=(none)  M=c0.ASM     ACBP=68
 0695:0000 0000 C=FAR_BSS S=_FARBSS        G=(none)  M=c0.ASM     ACBP=68
 0695:0000 0000 C=OVRINFO S=_OVERLAY_      G=(none)  M=c0.ASM     ACBP=68
 0695:0000 0000 C=STUBSEG S=_1STUB_        G=(none)  M=c0.ASM     ACBP=68
 0695:0000 0093 C=DATA   S=_DATA          G=DGROUP  M=c0.ASM     ACBP=68
 0695:0094 004E C=DATA   S=_DATA          G=DGROUP  M=test.c     ACBP=48
 0695:00E2 0000 C=DATA   S=_DATA          G=DGROUP  M=\SOFTWARE\uCOS-II\Ix86L\BC45\OS_CPU_A.ASM ACBP=48
 0695:00E2 0000 C=DATA   S=_DATA          G=DGROUP  M=os_cpu_c.c ACBP=48
 0695:00E2 001F C=DATA   S=_DATA          G=DGROUP  M=pc.c       ACBP=48
 0695:0102 0108 C=DATA   S=_DATA          G=DGROUP  M=ucos_ii.c  ACBP=48
 0695:020A 0002 C=DATA   S=_DATA          G=DGROUP  M=ATEXIT     ACBP=48
 0695:020C 000C C=DATA   S=_DATA          G=DGROUP  M=EXIT       ACBP=48
 0695:0218 0190 C=DATA   S=_DATA          G=DGROUP  M=FILES      ACBP=48
 0695:03A8 002A C=DATA   S=_DATA          G=DGROUP  M=FILES2     ACBP=48
 0695:03D2 0000 C=DATA   S=_DATA          G=DGROUP  M=F_LXMUL    ACBP=48
 0695:03D2 0000 C=DATA   S=_DATA          G=DGROUP  M=GETDATE    ACBP=48
 0695:03D2 0000 C=DATA   S=_DATA          G=DGROUP  M=H_LDIV     ACBP=48
 0695:03D2 0000 C=DATA   S=_DATA          G=DGROUP  M=H_LLSH     ACBP=48
 0695:03D2 0000 C=DATA   S=_DATA          G=DGROUP  M=H_LURSH    ACBP=48
 0695:03D2 0000 C=DATA   S=_DATA          G=DGROUP  M=H_PADD     ACBP=48
 0695:03D2 005B C=DATA   S=_DATA          G=DGROUP  M=IOERROR    ACBP=48
 0695:042E 0000 C=DATA   S=_DATA          G=DGROUP  M=ISATTY     ACBP=48
 0695:042E 0000 C=DATA   S=_DATA          G=DGROUP  M=LONGTOA    ACBP=48
 0695:042E 0000 C=DATA   S=_DATA          G=DGROUP  M=LSEEK      ACBP=48
 0695:042E 0000 C=DATA   S=_DATA          G=DGROUP  M=N_PCMP     ACBP=48
 0695:042E 0000 C=DATA   S=_DATA          G=DGROUP  M=SETUPIO    ACBP=48
 0695:042E 0002 C=DATA   S=_DATA          G=DGROUP  M=STKLEN     ACBP=48
 0695:0430 0067 C=DATA   S=_DATA          G=DGROUP  M=VPRINTER   ACBP=48
 0695:0498 0000 C=DATA   S=_DATA          G=DGROUP  M=VRAM       ACBP=48
 0695:0498 0002 C=DATA   S=_DATA          G=DGROUP  M=WSCROLL    ACBP=48
 0695:049A 0000 C=DATA   S=_DATA          G=DGROUP  M=CPRINTF    ACBP=48
 0695:049A 0018 C=DATA   S=_DATA          G=DGROUP  M=CRTINIT    ACBP=48
 0695:04B2 0031 C=DATA   S=_DATA          G=DGROUP  M=CVTFAK     ACBP=48
 0695:04E4 0000 C=DATA   S=_DATA          G=DGROUP  M=FARHEAP    ACBP=48
 0695:04E4 0002 C=DATA   S=_DATA          G=DGROUP  M=FBRK       ACBP=48
 0695:04E6 0000 C=DATA   S=_DATA          G=DGROUP  M=GETCH      ACBP=48
 0695:04E6 0000 C=DATA   S=_DATA          G=DGROUP  M=GPTEXT     ACBP=48
 0695:04E6 0002 C=DATA   S=_DATA          G=DGROUP  M=KBHIT      ACBP=48
 0695:04E8 0000 C=DATA   S=_DATA          G=DGROUP  M=MOVETEXT   ACBP=48
 0695:04E8 0000 C=DATA   S=_DATA          G=DGROUP  M=PUTCH      ACBP=48
 0695:04E8 0000 C=DATA   S=_DATA          G=DGROUP  M=REALCVT    ACBP=48
 0695:04E8 0000 C=DATA   S=_DATA          G=DGROUP  M=SCREEN     ACBP=48
 0695:04E8 0000 C=DATA   S=_DATA          G=DGROUP  M=SCROLL     ACBP=48
 0695:04E8 0000 C=DATA   S=_DATA          G=DGROUP  M=SETBLOCK   ACBP=48
 0695:04E8 0000 C=DATA   S=_DATA          G=DGROUP  M=SETJMP     ACBP=48
 0695:04E8 0000 C=DATA   S=_DATA          G=DGROUP  M=WHEREXY    ACBP=48
 0695:04E8 0000 C=DATA   S=_DATA          G=DGROUP  M=FFLUSH     ACBP=48
 0695:04E8 0000 C=DATA   S=_DATA          G=DGROUP  M=FLUSHALL   ACBP=48
 0695:04E8 0000 C=DATA   S=_DATA          G=DGROUP  M=FSEEK      ACBP=48
 0695:04E8 0000 C=DATA   S=_DATA          G=DGROUP  M=MEMCPY     ACBP=48
 0695:04E8 0000 C=DATA   S=_DATA          G=DGROUP  M=PRINTF     ACBP=48
 0695:04E8 0001 C=DATA   S=_DATA          G=DGROUP  M=PUTC       ACBP=48
 0695:04EA 0004 C=DATA   S=_DATA          G=DGROUP  M=SETVBUF    ACBP=48
 0695:04EE 0000 C=DATA   S=_DATA          G=DGROUP  M=SPRINTF    ACBP=48
 0695:04EE 0000 C=DATA   S=_DATA          G=DGROUP  M=WRITE      ACBP=48
 0695:04EE 0000 C=DATA   S=_DATA          G=DGROUP  M=WRITEA     ACBP=48
 0695:04EE 0000 C=DATA   S=_DATA          G=DGROUP  M=XFFLUSH    ACBP=48
 0695:04EE 0000 C=DATA   S=_CVTSEG        G=DGROUP  M=c0.ASM     ACBP=48
 0695:04EE 0002 C=DATA   S=_CVTSEG        G=DGROUP  M=CVTFAK     ACBP=48
 0695:04F0 0000 C=DATA   S=_CVTSEG        G=DGROUP  M=REALCVT    ACBP=48
 0695:04F0 0000 C=DATA   S=_SCNSEG        G=DGROUP  M=c0.ASM     ACBP=48
 0695:04F0 0006 C=DATA   S=_SCNSEG        G=DGROUP  M=CVTFAK     ACBP=48
 0695:04F6 0000 C=CONST  S=_CONST         G=DGROUP  M=c0.ASM     ACBP=48
 0695:04F6 0000 C=INITDATA S=_INIT_         G=DGROUP  M=c0.ASM     ACBP=48
 0695:04F6 0006 C=INITDATA S=_INIT_         G=DGROUP  M=SETUPIO    ACBP=48
 0695:04FC 0006 C=INITDATA S=_INIT_         G=DGROUP  M=CRTINIT    ACBP=48
 0695:0502 0000 C=INITDATA S=_INITEND_      G=DGROUP  M=c0.ASM     ACBP=28
 0695:0502 0000 C=EXITDATA S=_EXIT_         G=DGROUP  M=c0.ASM     ACBP=48
 0695:0502 0000 C=EXITDATA S=_EXITEND_      G=DGROUP  M=c0.ASM     ACBP=28
 0695:0502 0000 C=BSS    S=_BSS           G=DGROUP  M=c0.ASM     ACBP=48
 0695:0502 0C06 C=BSS    S=_BSS           G=DGROUP  M=test.c     ACBP=48
 0695:1108 0001 C=BSS    S=_BSS           G=DGROUP  M=os_cpu_c.c ACBP=48
 0695:110A 001B C=BSS    S=_BSS           G=DGROUP  M=pc.c       ACBP=48
 0695:1126 0C16 C=BSS    S=_BSS           G=DGROUP  M=ucos_ii.c  ACBP=48
 0695:1D3C 0080 C=BSS    S=_BSS           G=DGROUP  M=ATEXIT     ACBP=48
 0695:1DBC 0000 C=BSS    S=_BSS           G=DGROUP  M=IOERROR    ACBP=48
 0695:1DBC 0000 C=BSS    S=_BSS           G=DGROUP  M=ISATTY     ACBP=48
 0695:1DBC 0000 C=BSS    S=_BSS           G=DGROUP  M=LONGTOA    ACBP=48
 0695:1DBC 0000 C=BSS    S=_BSS           G=DGROUP  M=LSEEK      ACBP=48
 0695:1DBC 0000 C=BSS    S=_BSS           G=DGROUP  M=SETUPIO    ACBP=48
 0695:1DBC 0000 C=BSS    S=_BSS           G=DGROUP  M=VPRINTER   ACBP=48
 0695:1DBC 0000 C=BSS    S=_BSS           G=DGROUP  M=VRAM       ACBP=48
 0695:1DBC 0000 C=BSS    S=_BSS           G=DGROUP  M=CRTINIT    ACBP=48
 0695:1DBC 0000 C=BSS    S=_BSS           G=DGROUP  M=GETCH      ACBP=48
 0695:1DBC 0000 C=BSS    S=_BSS           G=DGROUP  M=KBHIT      ACBP=48
 0695:1DBC 0000 C=BSS    S=_BSS           G=DGROUP  M=SETBLOCK   ACBP=48
 0695:1DBC 0000 C=BSS    S=_BSS           G=DGROUP  M=SETJMP     ACBP=48
 0695:1DBC 0000 C=BSS    S=_BSS           G=DGROUP  M=MEMCPY     ACBP=48
 0695:1DBC 0001 C=BSS    S=_BSS           G=DGROUP  M=PUTC       ACBP=48
 0695:1DBE 0000 C=BSS    S=_BSS           G=DGROUP  M=WRITEA     ACBP=48
 0695:1DBE 0000 C=BSSEND S=_BSSEND        G=DGROUP  M=c0.ASM     ACBP=28
 0871:0000 0080 C=STACK  S=_STACK         G=(none)  M=c0.ASM     ACBP=74

  Address         Publics by Name

 0695:0000 idle  DATASEG@
 0000:0291 idle  DGROUP@
 0000:0395 idle  F_LDIV@
 0000:03A4 idle  F_LMOD@
 0000:039C       F_LUDIV@
 0000:03AC idle  F_LUMOD@
 0000:0443       F_LXLSH@
 0000:0355       F_LXMUL@
 0000:0464       F_LXURSH@
 0000:0485 idle  F_PADD@
 0000:04B4 idle  F_PSUB@
 0000:0395 idle  LDIV@
 0000:03A4 idle  LMOD@
 0000:039C idle  LUDIV@
 0000:03AC idle  LUMOD@
 0000:0443 idle  LXLSH@
 0000:0355 idle  LXMUL@
 0000:0464 idle  LXURSH@
 0000:0392 idle  N_LDIV@
 0000:03A1 idle  N_LMOD@
 0000:0399 idle  N_LUDIV@
 0000:03A9 idle  N_LUMOD@
 0000:0440       N_LXLSH@
 0000:0461 idle  N_LXURSH@
 0000:0482       N_PADD@
 0000:0609       N_PCMP@
 0000:04B1 idle  N_PSUB@
 0000:0485 idle  PADD@
 0000:04B4 idle  PSUB@
 0000:027A       _abort
 0251:03FD idle  _ArgumentSet
 0000:0295 idle  _atexit
 0695:1D38       _buf
 0695:1D30       _col_size
 0000:0D90 idle  _cprintf
 0695:04A9       _directvideo
 0695:007F       _errno
 0000:031A       _exit
 0000:10B0 idle  _farfree
 0000:11C4 idle  _farmalloc
 0000:1328 idle  _farrealloc
 0000:1ABD       _fflush
 0000:1B8A       _flushall
 0000:1E09 idle  _fputc
 0000:1F9E idle  _fputchar
 0000:10B0       _free
 0000:1C4E       _fseek
 0000:1CCE idle  _ftell
 0000:14E2       _getch
 0000:14FE idle  _getche
 0000:036C       _getdate
 0000:1540       _gettext
 0000:037F       _gettime
 0695:0502 idle  _i
 0000:052D       _isatty
 0000:15EC       _kbhit
 0000:1A5D       _longjmp
 0000:05E0       _lseek
 0251:000A       _main
 0000:11BA       _malloc
 0000:1DAE       _memcpy
 0000:15FE       _movetext
 0695:1CEC idle  _OSCPUUsage
 02A0:0020       _OSCtxSw
 0695:1D2C idle  _OSCtxSwCtr
 0695:1D28 idle  _OSEventFreeList
 0695:1D14 idle  _OSEventTbl
 0302:0A6C idle  _OSFlagAccept
 0302:0B9E idle  _OSFlagCreate
 0302:0C16 idle  _OSFlagDel
 0695:1CED idle  _OSFlagFreeList
 0302:0D58 idle  _OSFlagPend
 0302:0FB2 idle  _OSFlagPost
 0302:1152 idle  _OSFlagQuery
 0695:1CF1 idle  _OSFlagTbl
 0695:18D5 idle  _OSIdleCtr
 0695:1CE8 idle  _OSIdleCtrMax
 0695:1CE4 idle  _OSIdleCtrRun
 0302:000B       _OSInit
 02AD:0008       _OSInitHookBegin
 02AD:0009       _OSInitHookEnd
 02A0:005B       _OSIntCtxSw
 0302:0043 idle  _OSIntEnter
 0302:0056       _OSIntExit
 0695:18E1 idle  _OSIntExitY
 0695:18E2       _OSIntNesting
 0695:18E0 idle  _OSLockNesting
 0695:0102 idle  _OSMapTbl
 0302:13E2 idle  _OSMboxAccept
 0302:142D idle  _OSMboxCreate
 0302:14A2 idle  _OSMboxDel
 0302:15C0 idle  _OSMboxPend
 0302:16C2 idle  _OSMboxPost
 0302:173A idle  _OSMboxPostOpt
 0302:17DD idle  _OSMboxQuery
 0302:186B idle  _OSMemCreate
 0695:11C2 idle  _OSMemFreeList
 0302:19B6 idle  _OSMemGet
 0302:1A34 idle  _OSMemPut
 0302:1AA4 idle  _OSMemQuery
 0695:115E idle  _OSMemTbl
 0302:1BF1 idle  _OSMutexAccept
 0302:1C7C idle  _OSMutexCreate
 0302:1D62 idle  _OSMutexDel
 0302:1EBC idle  _OSMutexPend
 0302:20A7 idle  _OSMutexPost
 0302:222F idle  _OSMutexQuery
 0695:18DF       _OSPrioCur
 0695:18DE       _OSPrioHighRdy
 0302:22E4 idle  _OSQAccept
 0302:2384 idle  _OSQCreate
 0302:24A7 idle  _OSQDel
 0302:2624 idle  _OSQFlush
 0695:115A idle  _OSQFreeList
 0302:267C idle  _OSQPend
 0302:27C2 idle  _OSQPost
 0302:288A idle  _OSQPostFront
 0302:294C idle  _OSQPostOpt
 0302:2A8A idle  _OSQQuery
 0695:112A idle  _OSQTbl
 0695:18DD idle  _OSRdyGrp
 0695:18DB idle  _OSRdyTbl
 0695:18DA       _OSRunning
 0302:015A idle  _OSSchedLock
 0302:0170 idle  _OSSchedUnlock
 0302:2BAF idle  _OSSemAccept
 0302:2BE1 idle  _OSSemCreate
 0302:2C55 idle  _OSSemDel
 0302:2D73 idle  _OSSemPend
 0302:2E23 idle  _OSSemPost
 0302:2E7D idle  _OSSemQuery
 0302:019D       _OSStart
 02A0:0002       _OSStartHighRdy
 0302:027A idle  _OSStatInit
 0695:1CE3 idle  _OSStatRdy
 0302:2F03 idle  _OSTaskChangePrio
 0302:30CF       _OSTaskCreate
 0302:318C idle  _OSTaskCreateExt
 02AD:000A       _OSTaskCreateHook
 0695:18D9 idle  _OSTaskCtr
 0302:327C idle  _OSTaskDel
 02AD:000F       _OSTaskDelHook
 0302:345B idle  _OSTaskDelReq
 02AD:0014       _OSTaskIdleHook
 0695:14D5 idle  _OSTaskIdleStk
 0302:36D9 idle  _OSTaskQuery
 0302:34C7 idle  _OSTaskResume
 02AD:0015       _OSTaskStatHook
 0695:18E3 idle  _OSTaskStatStk
 0302:3546 idle  _OSTaskStkChk
 02AD:0016       _OSTaskStkInit
 02AD:00FC idle  _OSTaskStkInit_FPE_x86
 0302:362B idle  _OSTaskSuspend
 02AD:01D7       _OSTaskSwHook
 0695:14D1       _OSTCBCur
 0695:14CD idle  _OSTCBFreeList
 0695:14C9       _OSTCBHighRdy
 02AD:01D8       _OSTCBInitHook
 0695:14C5       _OSTCBList
 0695:1491 idle  _OSTCBPrioTbl
 0695:11C6 idle  _OSTCBTbl
 0695:1108       _OSTickDOSCtr
 02A0:0088       _OSTickISR
 0695:1126 idle  _OSTime
 0302:3747       _OSTimeDly
 0302:378E idle  _OSTimeDlyHMSM
 0302:387D idle  _OSTimeDlyResume
 0302:38F5       _OSTimeGet
 0302:3914 idle  _OSTimeSet
 0302:02B5       _OSTimeTick
 02AD:01DD       _OSTimeTickHook
 0695:010A idle  _OSUnMapTbl
 0302:0366 idle  _OSVersion
 0302:036A idle  _OS_Dummy
 0302:036B idle  _OS_EventTaskRdy
 0302:0435 idle  _OS_EventTaskWait
 0302:04A2 idle  _OS_EventTO
 0302:04F6 idle  _OS_EventWaitListInit
 0302:1274 idle  _OS_FlagInit
 0302:1333 idle  _OS_FlagUnlink
 0302:1B4D idle  _OS_MemInit
 0302:2B5F idle  _OS_QInit
 0302:06F0 idle  _OS_Sched
 0302:07E8 idle  _OS_TaskIdle
 0302:080D idle  _OS_TaskStat
 0302:08D9 idle  _OS_TCBInit
 02CA:000E idle  _PC_DispChar
 02CA:004C idle  _PC_DispClrCol
 02CA:0092 idle  _PC_DispClrRow
 02CA:00CB       _PC_DispClrScr
 02CA:00FC idle  _PC_DispStr
 02CA:014B       _PC_DOSReturn
 02CA:015F       _PC_DOSSaveReturn
 02CA:01CD idle  _PC_ElapsedInit
 02CA:01E1 idle  _PC_ElapsedStart
 02CA:0207 idle  _PC_ElapsedStop
 02CA:0258 idle  _PC_GetDateTime
 02CA:02AB       _PC_GetKey
 02CA:02D2       _PC_SetTickRate
 0695:110A idle  _PC_TickISR
 02CA:031F idle  _PC_VectGet
 02CA:0356       _PC_VectSet
 0695:1D36       _pos
 0251:020A idle  _Print
 0000:1DD2       _printf
 0695:1D34       _print_pos
 0695:0504 idle  _ptcb
 0000:169B       _putch
 0000:1596       _puttext
 0000:1321 idle  _realloc
 0695:1D32       _row_size
 0000:1A0B       _setblock
 0000:1A27       _setjmp
 0000:21B5       _setvbuf
 0000:2312       _sprintf
 0251:0082 idle  _Task1
 0251:0130 idle  _Task2
 0251:019D idle  _Task3
 0695:0508 idle  _TaskStk
 0000:1522 idle  _ungetch
 0000:2334 idle  _vsprintf
 0000:1A9B idle  _wherex
 0000:1AAA idle  _wherey
 0000:1000 idle  __AHINCR
 0000:000C idle  __AHSHIFT
 0695:020A       __atexitcnt
 0695:1D3C       __atexittbl
 0000:1418       __brk
 0695:008B       __brklvl
 0695:006B idle  __C0argc
 0695:006D idle  __C0argv
 0000:0E72 idle  __c0crtinit
 0695:0071 idle  __C0environ
 0695:04E7       __cChar
 0000:033B idle  __cexit
 0695:04E6       __cFlag
 0000:016A       __checknull
 0000:0157       __cleanup
 0000:0C5E       __CPUTN
 0000:0E8F idle  __crtinit
 0000:0000  Abs  __cvtfak
 0000:0349 idle  __c_exit
 0695:03D2 idle  __doserrno
 0000:051B idle  __DOSERROR
 0695:03D4 idle  __dosErrorToSV
 0695:0075 idle  __envLng
 0695:0077 idle  __envseg
 0695:0079 idle  __envSize
 0000:0329       __exit
 0695:020C       __exitbuf
 0695:0210 idle  __exitfopen
 0695:0214 idle  __exitopen
 0000:1DED idle  __fputc
 0000:1FB2       __FPUTN
 0695:0087       __heapbase
 0695:008F       __heaptop
 0695:005B idle  __Int0Vector
 0695:005F idle  __Int4Vector
 0695:0063 idle  __Int5Vector
 0695:0067 idle  __Int6Vector
 0000:04E2       __IOERROR
 0000:053E       __LONGTOA
 0000:0293 idle  __MMODEL
 0695:03A8       __nfile
 0000:14FB idle  __Ngetche
 0000:151F idle  __Nungetch
 0695:03AA       __openfd
 0695:007D idle  __osmajor
 0695:007E idle  __osminor
 0695:007D idle  __osversion
 0695:007B       __psp
 0000:16B2       __REALCVT
 0695:04EE       __RealCvtVector
 0000:01C0       __restorezero
 0000:1457       __sbrk
 0695:04F0 idle  __ScanTodVector
 0000:17EC       __SCREENIO
 0000:189F       __SCROLL
 0000:062A       __setupio
 0695:0081 idle  __StartTime
 0695:042E       __stklen
 0695:0218       __streams
 0000:016B       __terminate
 0000:0000 idle  __turboCrt
 0000:05C0 idle  __UTOA
 0000:1828       __VALIDATEXY
 0695:007D idle  __version
 0695:049A       __video
 0000:0DE7       __VideoInt
 0000:06FC       __VPRINTER
 0000:0BBF       __VPTR
 0000:0BE4       __VRAM
 0000:1A91       __wherexy
 0000:24A6       __write
 0695:0498       __wscroll
 0000:24E2       __xfflush
 0695:0085 idle  ___brklvl
 0000:0F70 idle  ___first
 0000:0F72 idle  ___last
 0000:0F74 idle  ___rover
 0000:2355       ___write

  Address         Publics by Value

 0000:0000 idle  __turboCrt
 0000:0000  Abs  __cvtfak
 0000:000C idle  __AHSHIFT
 0000:0157       __cleanup
 0000:016A       __checknull
 0000:016B       __terminate
 0000:01C0       __restorezero
 0000:027A       _abort
 0000:0291 idle  DGROUP@
 0000:0293 idle  __MMODEL
 0000:0295 idle  _atexit
 0000:031A       _exit
 0000:0329       __exit
 0000:033B idle  __cexit
 0000:0349 idle  __c_exit
 0000:0355       F_LXMUL@
 0000:0355 idle  LXMUL@
 0000:036C       _getdate
 0000:037F       _gettime
 0000:0392 idle  N_LDIV@
 0000:0395 idle  LDIV@
 0000:0395 idle  F_LDIV@
 0000:0399 idle  N_LUDIV@
 0000:039C       F_LUDIV@
 0000:039C idle  LUDIV@
 0000:03A1 idle  N_LMOD@
 0000:03A4 idle  F_LMOD@
 0000:03A4 idle  LMOD@
 0000:03A9 idle  N_LUMOD@
 0000:03AC idle  LUMOD@
 0000:03AC idle  F_LUMOD@
 0000:0440       N_LXLSH@
 0000:0443       F_LXLSH@
 0000:0443 idle  LXLSH@
 0000:0461 idle  N_LXURSH@
 0000:0464       F_LXURSH@
 0000:0464 idle  LXURSH@
 0000:0482       N_PADD@
 0000:0485 idle  F_PADD@
 0000:0485 idle  PADD@
 0000:04B1 idle  N_PSUB@
 0000:04B4 idle  F_PSUB@
 0000:04B4 idle  PSUB@
 0000:04E2       __IOERROR
 0000:051B idle  __DOSERROR
 0000:052D       _isatty
 0000:053E       __LONGTOA
 0000:05C0 idle  __UTOA
 0000:05E0       _lseek
 0000:0609       N_PCMP@
 0000:062A       __setupio
 0000:06FC       __VPRINTER
 0000:0BBF       __VPTR
 0000:0BE4       __VRAM
 0000:0C5E       __CPUTN
 0000:0D90 idle  _cprintf
 0000:0DE7       __VideoInt
 0000:0E72 idle  __c0crtinit
 0000:0E8F idle  __crtinit
 0000:0F70 idle  ___first
 0000:0F72 idle  ___last
 0000:0F74 idle  ___rover
 0000:1000 idle  __AHINCR
 0000:10B0       _free
 0000:10B0 idle  _farfree
 0000:11BA       _malloc
 0000:11C4 idle  _farmalloc
 0000:1321 idle  _realloc
 0000:1328 idle  _farrealloc
 0000:1418       __brk
 0000:1457       __sbrk
 0000:14E2       _getch
 0000:14FB idle  __Ngetche
 0000:14FE idle  _getche
 0000:151F idle  __Nungetch
 0000:1522 idle  _ungetch
 0000:1540       _gettext
 0000:1596       _puttext
 0000:15EC       _kbhit
 0000:15FE       _movetext
 0000:169B       _putch
 0000:16B2       __REALCVT
 0000:17EC       __SCREENIO
 0000:1828       __VALIDATEXY
 0000:189F       __SCROLL
 0000:1A0B       _setblock
 0000:1A27       _setjmp
 0000:1A5D       _longjmp
 0000:1A91       __wherexy
 0000:1A9B idle  _wherex
 0000:1AAA idle  _wherey
 0000:1ABD       _fflush
 0000:1B8A       _flushall
 0000:1C4E       _fseek
 0000:1CCE idle  _ftell
 0000:1DAE       _memcpy
 0000:1DD2       _printf
 0000:1DED idle  __fputc
 0000:1E09 idle  _fputc
 0000:1F9E idle  _fputchar
 0000:1FB2       __FPUTN
 0000:21B5       _setvbuf
 0000:2312       _sprintf
 0000:2334 idle  _vsprintf
 0000:2355       ___write
 0000:24A6       __write
 0000:24E2       __xfflush
 0251:000A       _main
 0251:0082 idle  _Task1
 0251:0130 idle  _Task2
 0251:019D idle  _Task3
 0251:020A idle  _Print
 0251:03FD idle  _ArgumentSet
 02A0:0002       _OSStartHighRdy
 02A0:0020       _OSCtxSw
 02A0:005B       _OSIntCtxSw
 02A0:0088       _OSTickISR
 02AD:0008       _OSInitHookBegin
 02AD:0009       _OSInitHookEnd
 02AD:000A       _OSTaskCreateHook
 02AD:000F       _OSTaskDelHook
 02AD:0014       _OSTaskIdleHook
 02AD:0015       _OSTaskStatHook
 02AD:0016       _OSTaskStkInit
 02AD:00FC idle  _OSTaskStkInit_FPE_x86
 02AD:01D7       _OSTaskSwHook
 02AD:01D8       _OSTCBInitHook
 02AD:01DD       _OSTimeTickHook
 02CA:000E idle  _PC_DispChar
 02CA:004C idle  _PC_DispClrCol
 02CA:0092 idle  _PC_DispClrRow
 02CA:00CB       _PC_DispClrScr
 02CA:00FC idle  _PC_DispStr
 02CA:014B       _PC_DOSReturn
 02CA:015F       _PC_DOSSaveReturn
 02CA:01CD idle  _PC_ElapsedInit
 02CA:01E1 idle  _PC_ElapsedStart
 02CA:0207 idle  _PC_ElapsedStop
 02CA:0258 idle  _PC_GetDateTime
 02CA:02AB       _PC_GetKey
 02CA:02D2       _PC_SetTickRate
 02CA:031F idle  _PC_VectGet
 02CA:0356       _PC_VectSet
 0302:000B       _OSInit
 0302:0043 idle  _OSIntEnter
 0302:0056       _OSIntExit
 0302:015A idle  _OSSchedLock
 0302:0170 idle  _OSSchedUnlock
 0302:019D       _OSStart
 0302:027A idle  _OSStatInit
 0302:02B5       _OSTimeTick
 0302:0366 idle  _OSVersion
 0302:036A idle  _OS_Dummy
 0302:036B idle  _OS_EventTaskRdy
 0302:0435 idle  _OS_EventTaskWait
 0302:04A2 idle  _OS_EventTO
 0302:04F6 idle  _OS_EventWaitListInit
 0302:06F0 idle  _OS_Sched
 0302:07E8 idle  _OS_TaskIdle
 0302:080D idle  _OS_TaskStat
 0302:08D9 idle  _OS_TCBInit
 0302:0A6C idle  _OSFlagAccept
 0302:0B9E idle  _OSFlagCreate
 0302:0C16 idle  _OSFlagDel
 0302:0D58 idle  _OSFlagPend
 0302:0FB2 idle  _OSFlagPost
 0302:1152 idle  _OSFlagQuery
 0302:1274 idle  _OS_FlagInit
 0302:1333 idle  _OS_FlagUnlink
 0302:13E2 idle  _OSMboxAccept
 0302:142D idle  _OSMboxCreate
 0302:14A2 idle  _OSMboxDel
 0302:15C0 idle  _OSMboxPend
 0302:16C2 idle  _OSMboxPost
 0302:173A idle  _OSMboxPostOpt
 0302:17DD idle  _OSMboxQuery
 0302:186B idle  _OSMemCreate
 0302:19B6 idle  _OSMemGet
 0302:1A34 idle  _OSMemPut
 0302:1AA4 idle  _OSMemQuery
 0302:1B4D idle  _OS_MemInit
 0302:1BF1 idle  _OSMutexAccept
 0302:1C7C idle  _OSMutexCreate
 0302:1D62 idle  _OSMutexDel
 0302:1EBC idle  _OSMutexPend
 0302:20A7 idle  _OSMutexPost
 0302:222F idle  _OSMutexQuery
 0302:22E4 idle  _OSQAccept
 0302:2384 idle  _OSQCreate
 0302:24A7 idle  _OSQDel
 0302:2624 idle  _OSQFlush
 0302:267C idle  _OSQPend
 0302:27C2 idle  _OSQPost
 0302:288A idle  _OSQPostFront
 0302:294C idle  _OSQPostOpt
 0302:2A8A idle  _OSQQuery
 0302:2B5F idle  _OS_QInit
 0302:2BAF idle  _OSSemAccept
 0302:2BE1 idle  _OSSemCreate
 0302:2C55 idle  _OSSemDel
 0302:2D73 idle  _OSSemPend
 0302:2E23 idle  _OSSemPost
 0302:2E7D idle  _OSSemQuery
 0302:2F03 idle  _OSTaskChangePrio
 0302:30CF       _OSTaskCreate
 0302:318C idle  _OSTaskCreateExt
 0302:327C idle  _OSTaskDel
 0302:345B idle  _OSTaskDelReq
 0302:34C7 idle  _OSTaskResume
 0302:3546 idle  _OSTaskStkChk
 0302:362B idle  _OSTaskSuspend
 0302:36D9 idle  _OSTaskQuery
 0302:3747       _OSTimeDly
 0302:378E idle  _OSTimeDlyHMSM
 0302:387D idle  _OSTimeDlyResume
 0302:38F5       _OSTimeGet
 0302:3914 idle  _OSTimeSet
 0695:0000 idle  DATASEG@
 0695:005B idle  __Int0Vector
 0695:005F idle  __Int4Vector
 0695:0063 idle  __Int5Vector
 0695:0067 idle  __Int6Vector
 0695:006B idle  __C0argc
 0695:006D idle  __C0argv
 0695:0071 idle  __C0environ
 0695:0075 idle  __envLng
 0695:0077 idle  __envseg
 0695:0079 idle  __envSize
 0695:007B       __psp
 0695:007D idle  __osversion
 0695:007D idle  __osmajor
 0695:007D idle  __version
 0695:007E idle  __osminor
 0695:007F       _errno
 0695:0081 idle  __StartTime
 0695:0085 idle  ___brklvl
 0695:0087       __heapbase
 0695:008B       __brklvl
 0695:008F       __heaptop
 0695:0102 idle  _OSMapTbl
 0695:010A idle  _OSUnMapTbl
 0695:020A       __atexitcnt
 0695:020C       __exitbuf
 0695:0210 idle  __exitfopen
 0695:0214 idle  __exitopen
 0695:0218       __streams
 0695:03A8       __nfile
 0695:03AA       __openfd
 0695:03D2 idle  __doserrno
 0695:03D4 idle  __dosErrorToSV
 0695:042E       __stklen
 0695:0498       __wscroll
 0695:049A       __video
 0695:04A9       _directvideo
 0695:04E6       __cFlag
 0695:04E7       __cChar
 0695:04EE       __RealCvtVector
 0695:04F0 idle  __ScanTodVector
 0695:0502 idle  _i
 0695:0504 idle  _ptcb
 0695:0508 idle  _TaskStk
 0695:1108       _OSTickDOSCtr
 0695:110A idle  _PC_TickISR
 0695:1126 idle  _OSTime
 0695:112A idle  _OSQTbl
 0695:115A idle  _OSQFreeList
 0695:115E idle  _OSMemTbl
 0695:11C2 idle  _OSMemFreeList
 0695:11C6 idle  _OSTCBTbl
 0695:1491 idle  _OSTCBPrioTbl
 0695:14C5       _OSTCBList
 0695:14C9       _OSTCBHighRdy
 0695:14CD idle  _OSTCBFreeList
 0695:14D1       _OSTCBCur
 0695:14D5 idle  _OSTaskIdleStk
 0695:18D5 idle  _OSIdleCtr
 0695:18D9 idle  _OSTaskCtr
 0695:18DA       _OSRunning
 0695:18DB idle  _OSRdyTbl
 0695:18DD idle  _OSRdyGrp
 0695:18DE       _OSPrioHighRdy
 0695:18DF       _OSPrioCur
 0695:18E0 idle  _OSLockNesting
 0695:18E1 idle  _OSIntExitY
 0695:18E2       _OSIntNesting
 0695:18E3 idle  _OSTaskStatStk
 0695:1CE3 idle  _OSStatRdy
 0695:1CE4 idle  _OSIdleCtrRun
 0695:1CE8 idle  _OSIdleCtrMax
 0695:1CEC idle  _OSCPUUsage
 0695:1CED idle  _OSFlagFreeList
 0695:1CF1 idle  _OSFlagTbl
 0695:1D14 idle  _OSEventTbl
 0695:1D28 idle  _OSEventFreeList
 0695:1D2C idle  _OSCtxSwCtr
 0695:1D30       _col_size
 0695:1D32       _row_size
 0695:1D34       _print_pos
 0695:1D36       _pos
 0695:1D38       _buf
 0695:1D3C       __atexittbl

Program entry point at 0000:0000

