
 Start  Stop   Length Name               Class

 00000H 02590H 02591H _TEXT              CODE
 02591H 028BAH 0032AH TEST_TEXT          CODE
 028BCH 02991H 000D6H OS_CPU_A_TEXT      CODE
 02992H 02B67H 001D6H OS_CPU_C_TEXT      CODE
 02B68H 02EE4H 0037DH PC_TEXT            CODE
 02EE5H 068EAH 03A06H UCOS_II_TEXT       CODE
 068F0H 068F0H 00000H _FARDATA           FAR_DATA
 068F0H 068F0H 00000H _FARBSS            FAR_BSS
 068F0H 068F0H 00000H _OVERLAY_          OVRINFO
 068F0H 068F0H 00000H _1STUB_            STUBSEG
 068F0H 06F0BH 0061CH _DATA              DATA
 06F0CH 06F0DH 00002H _CVTSEG            DATA
 06F0EH 06F13H 00006H _SCNSEG            DATA
 06F14H 06F14H 00000H _CONST             CONST
 06F14H 06F1FH 0000CH _INIT_             INITDATA
 06F20H 06F20H 00000H _INITEND_          INITDATA
 06F20H 06F20H 00000H _EXIT_             EXITDATA
 06F20H 06F20H 00000H _EXITEND_          EXITDATA
 06F20H 08A71H 01B52H _BSS               BSS
 08A72H 08A72H 00000H _BSSEND            BSSEND
 08A80H 08AFFH 00080H _STACK             STACK


Detailed map of segments

 0000:0000 0295 C=CODE   S=_TEXT          G=(none)  M=c0.ASM     ACBP=28
 0000:0295 002D C=CODE   S=_TEXT          G=(none)  M=ATEXIT     ACBP=28
 0000:02C2 0093 C=CODE   S=_TEXT          G=(none)  M=EXIT       ACBP=28
 0000:0355 0000 C=CODE   S=_TEXT          G=(none)  M=FILES      ACBP=28
 0000:0355 0000 C=CODE   S=_TEXT          G=(none)  M=FILES2     ACBP=28
 0000:0355 0017 C=CODE   S=_TEXT          G=(none)  M=F_LXMUL    ACBP=28
 0000:036C 0026 C=CODE   S=_TEXT          G=(none)  M=GETDATE    ACBP=28
 0000:0392 00AE C=CODE   S=_TEXT          G=(none)  M=H_LDIV     ACBP=28
 0000:0440 0021 C=CODE   S=_TEXT          G=(none)  M=H_LLSH     ACBP=28
 0000:0461 0021 C=CODE   S=_TEXT          G=(none)  M=H_LURSH    ACBP=28
 0000:0482 0060 C=CODE   S=_TEXT          G=(none)  M=H_PADD     ACBP=28
 0000:04E2 004B C=CODE   S=_TEXT          G=(none)  M=IOERROR    ACBP=28
 0000:052D 0011 C=CODE   S=_TEXT          G=(none)  M=ISATTY     ACBP=28
 0000:053E 00A2 C=CODE   S=_TEXT          G=(none)  M=LONGTOA    ACBP=28
 0000:05E0 0029 C=CODE   S=_TEXT          G=(none)  M=LSEEK      ACBP=28
 0000:0609 0021 C=CODE   S=_TEXT          G=(none)  M=N_PCMP     ACBP=28
 0000:062A 00BA C=CODE   S=_TEXT          G=(none)  M=SETUPIO    ACBP=28
 0000:06E4 0000 C=CODE   S=_TEXT          G=(none)  M=STKLEN     ACBP=28
 0000:06E4 04DB C=CODE   S=_TEXT          G=(none)  M=VPRINTER   ACBP=28
 0000:0BBF 009F C=CODE   S=_TEXT          G=(none)  M=VRAM       ACBP=28
 0000:0C5E 0000 C=CODE   S=_TEXT          G=(none)  M=WSCROLL    ACBP=28
 0000:0C5E 014E C=CODE   S=_TEXT          G=(none)  M=CPRINTF    ACBP=28
 0000:0DAC 01A5 C=CODE   S=_TEXT          G=(none)  M=CRTINIT    ACBP=28
 0000:0F51 001F C=CODE   S=_TEXT          G=(none)  M=CVTFAK     ACBP=28
 0000:0F70 0432 C=CODE   S=_TEXT          G=(none)  M=FARHEAP    ACBP=28
 0000:13A2 0140 C=CODE   S=_TEXT          G=(none)  M=FBRK       ACBP=28
 0000:14E2 005E C=CODE   S=_TEXT          G=(none)  M=GETCH      ACBP=28
 0000:1540 00AC C=CODE   S=_TEXT          G=(none)  M=GPTEXT     ACBP=28
 0000:15EC 0012 C=CODE   S=_TEXT          G=(none)  M=KBHIT      ACBP=28
 0000:15FE 009D C=CODE   S=_TEXT          G=(none)  M=MOVETEXT   ACBP=28
 0000:169B 0017 C=CODE   S=_TEXT          G=(none)  M=PUTCH      ACBP=28
 0000:16B2 0004 C=CODE   S=_TEXT          G=(none)  M=REALCVT    ACBP=28
 0000:16B6 01C7 C=CODE   S=_TEXT          G=(none)  M=SCREEN     ACBP=28
 0000:187D 018E C=CODE   S=_TEXT          G=(none)  M=SCROLL     ACBP=28
 0000:1A0B 001C C=CODE   S=_TEXT          G=(none)  M=SETBLOCK   ACBP=28
 0000:1A27 006A C=CODE   S=_TEXT          G=(none)  M=SETJMP     ACBP=28
 0000:1A91 002C C=CODE   S=_TEXT          G=(none)  M=WHEREXY    ACBP=28
 0000:1ABD 00CD C=CODE   S=_TEXT          G=(none)  M=FFLUSH     ACBP=28
 0000:1B8A 0042 C=CODE   S=_TEXT          G=(none)  M=FLUSHALL   ACBP=28
 0000:1BCC 01E2 C=CODE   S=_TEXT          G=(none)  M=FSEEK      ACBP=28
 0000:1DAE 0024 C=CODE   S=_TEXT          G=(none)  M=MEMCPY     ACBP=28
 0000:1DD2 001B C=CODE   S=_TEXT          G=(none)  M=PRINTF     ACBP=28
 0000:1DED 03C8 C=CODE   S=_TEXT          G=(none)  M=PUTC       ACBP=28
 0000:21B5 0058 C=CODE   S=_TEXT          G=(none)  M=PUTS       ACBP=28
 0000:220D 011D C=CODE   S=_TEXT          G=(none)  M=SETVBUF    ACBP=28
 0000:232A 0083 C=CODE   S=_TEXT          G=(none)  M=SPRINTF    ACBP=28
 0000:23AD 001F C=CODE   S=_TEXT          G=(none)  M=STRLEN     ACBP=28
 0000:23CC 0151 C=CODE   S=_TEXT          G=(none)  M=WRITE      ACBP=28
 0000:251D 003C C=CODE   S=_TEXT          G=(none)  M=WRITEA     ACBP=28
 0000:2559 0038 C=CODE   S=_TEXT          G=(none)  M=XFFLUSH    ACBP=28
 0259:0001 032A C=CODE   S=TEST_TEXT      G=(none)  M=test.c     ACBP=28
 028B:000C 00D6 C=CODE   S=OS_CPU_A_TEXT  G=(none)  M=\SOFTWARE\uCOS-II\Ix86L\BC45\OS_CPU_A.ASM ACBP=48
 0299:0002 01D6 C=CODE   S=OS_CPU_C_TEXT  G=(none)  M=os_cpu_c.c ACBP=28
 02B6:0008 037D C=CODE   S=PC_TEXT        G=(none)  M=pc.c       ACBP=28
 02EE:0005 3A06 C=CODE   S=UCOS_II_TEXT   G=(none)  M=ucos_ii.c  ACBP=28
 068F:0000 0000 C=FAR_DATA S=_FARDATA       G=(none)  M=c0.ASM     ACBP=68
 068F:0000 0000 C=FAR_BSS S=_FARBSS        G=(none)  M=c0.ASM     ACBP=68
 068F:0000 0000 C=OVRINFO S=_OVERLAY_      G=(none)  M=c0.ASM     ACBP=68
 068F:0000 0000 C=STUBSEG S=_1STUB_        G=(none)  M=c0.ASM     ACBP=68
 068F:0000 0093 C=DATA   S=_DATA          G=DGROUP  M=c0.ASM     ACBP=68
 068F:0094 0094 C=DATA   S=_DATA          G=DGROUP  M=test.c     ACBP=48
 068F:0128 0000 C=DATA   S=_DATA          G=DGROUP  M=\SOFTWARE\uCOS-II\Ix86L\BC45\OS_CPU_A.ASM ACBP=48
 068F:0128 0000 C=DATA   S=_DATA          G=DGROUP  M=os_cpu_c.c ACBP=48
 068F:0128 001F C=DATA   S=_DATA          G=DGROUP  M=pc.c       ACBP=48
 068F:0148 01F0 C=DATA   S=_DATA          G=DGROUP  M=ucos_ii.c  ACBP=48
 068F:0338 0002 C=DATA   S=_DATA          G=DGROUP  M=ATEXIT     ACBP=48
 068F:033A 000C C=DATA   S=_DATA          G=DGROUP  M=EXIT       ACBP=48
 068F:0346 0190 C=DATA   S=_DATA          G=DGROUP  M=FILES      ACBP=48
 068F:04D6 002A C=DATA   S=_DATA          G=DGROUP  M=FILES2     ACBP=48
 068F:0500 0000 C=DATA   S=_DATA          G=DGROUP  M=F_LXMUL    ACBP=48
 068F:0500 0000 C=DATA   S=_DATA          G=DGROUP  M=GETDATE    ACBP=48
 068F:0500 0000 C=DATA   S=_DATA          G=DGROUP  M=H_LDIV     ACBP=48
 068F:0500 0000 C=DATA   S=_DATA          G=DGROUP  M=H_LLSH     ACBP=48
 068F:0500 0000 C=DATA   S=_DATA          G=DGROUP  M=H_LURSH    ACBP=48
 068F:0500 0000 C=DATA   S=_DATA          G=DGROUP  M=H_PADD     ACBP=48
 068F:0500 005B C=DATA   S=_DATA          G=DGROUP  M=IOERROR    ACBP=48
 068F:055C 0000 C=DATA   S=_DATA          G=DGROUP  M=ISATTY     ACBP=48
 068F:055C 0000 C=DATA   S=_DATA          G=DGROUP  M=LONGTOA    ACBP=48
 068F:055C 0000 C=DATA   S=_DATA          G=DGROUP  M=LSEEK      ACBP=48
 068F:055C 0000 C=DATA   S=_DATA          G=DGROUP  M=N_PCMP     ACBP=48
 068F:055C 0000 C=DATA   S=_DATA          G=DGROUP  M=SETUPIO    ACBP=48
 068F:055C 0002 C=DATA   S=_DATA          G=DGROUP  M=STKLEN     ACBP=48
 068F:055E 0067 C=DATA   S=_DATA          G=DGROUP  M=VPRINTER   ACBP=48
 068F:05C6 0000 C=DATA   S=_DATA          G=DGROUP  M=VRAM       ACBP=48
 068F:05C6 0002 C=DATA   S=_DATA          G=DGROUP  M=WSCROLL    ACBP=48
 068F:05C8 0000 C=DATA   S=_DATA          G=DGROUP  M=CPRINTF    ACBP=48
 068F:05C8 0018 C=DATA   S=_DATA          G=DGROUP  M=CRTINIT    ACBP=48
 068F:05E0 0031 C=DATA   S=_DATA          G=DGROUP  M=CVTFAK     ACBP=48
 068F:0612 0000 C=DATA   S=_DATA          G=DGROUP  M=FARHEAP    ACBP=48
 068F:0612 0002 C=DATA   S=_DATA          G=DGROUP  M=FBRK       ACBP=48
 068F:0614 0000 C=DATA   S=_DATA          G=DGROUP  M=GETCH      ACBP=48
 068F:0614 0000 C=DATA   S=_DATA          G=DGROUP  M=GPTEXT     ACBP=48
 068F:0614 0002 C=DATA   S=_DATA          G=DGROUP  M=KBHIT      ACBP=48
 068F:0616 0000 C=DATA   S=_DATA          G=DGROUP  M=MOVETEXT   ACBP=48
 068F:0616 0000 C=DATA   S=_DATA          G=DGROUP  M=PUTCH      ACBP=48
 068F:0616 0000 C=DATA   S=_DATA          G=DGROUP  M=REALCVT    ACBP=48
 068F:0616 0000 C=DATA   S=_DATA          G=DGROUP  M=SCREEN     ACBP=48
 068F:0616 0000 C=DATA   S=_DATA          G=DGROUP  M=SCROLL     ACBP=48
 068F:0616 0000 C=DATA   S=_DATA          G=DGROUP  M=SETBLOCK   ACBP=48
 068F:0616 0000 C=DATA   S=_DATA          G=DGROUP  M=SETJMP     ACBP=48
 068F:0616 0000 C=DATA   S=_DATA          G=DGROUP  M=WHEREXY    ACBP=48
 068F:0616 0000 C=DATA   S=_DATA          G=DGROUP  M=FFLUSH     ACBP=48
 068F:0616 0000 C=DATA   S=_DATA          G=DGROUP  M=FLUSHALL   ACBP=48
 068F:0616 0000 C=DATA   S=_DATA          G=DGROUP  M=FSEEK      ACBP=48
 068F:0616 0000 C=DATA   S=_DATA          G=DGROUP  M=MEMCPY     ACBP=48
 068F:0616 0000 C=DATA   S=_DATA          G=DGROUP  M=PRINTF     ACBP=48
 068F:0616 0001 C=DATA   S=_DATA          G=DGROUP  M=PUTC       ACBP=48
 068F:0618 0000 C=DATA   S=_DATA          G=DGROUP  M=PUTS       ACBP=48
 068F:0618 0004 C=DATA   S=_DATA          G=DGROUP  M=SETVBUF    ACBP=48
 068F:061C 0000 C=DATA   S=_DATA          G=DGROUP  M=SPRINTF    ACBP=48
 068F:061C 0000 C=DATA   S=_DATA          G=DGROUP  M=STRLEN     ACBP=48
 068F:061C 0000 C=DATA   S=_DATA          G=DGROUP  M=WRITE      ACBP=48
 068F:061C 0000 C=DATA   S=_DATA          G=DGROUP  M=WRITEA     ACBP=48
 068F:061C 0000 C=DATA   S=_DATA          G=DGROUP  M=XFFLUSH    ACBP=48
 068F:061C 0000 C=DATA   S=_CVTSEG        G=DGROUP  M=c0.ASM     ACBP=48
 068F:061C 0002 C=DATA   S=_CVTSEG        G=DGROUP  M=CVTFAK     ACBP=48
 068F:061E 0000 C=DATA   S=_CVTSEG        G=DGROUP  M=REALCVT    ACBP=48
 068F:061E 0000 C=DATA   S=_SCNSEG        G=DGROUP  M=c0.ASM     ACBP=48
 068F:061E 0006 C=DATA   S=_SCNSEG        G=DGROUP  M=CVTFAK     ACBP=48
 068F:0624 0000 C=CONST  S=_CONST         G=DGROUP  M=c0.ASM     ACBP=48
 068F:0624 0000 C=INITDATA S=_INIT_         G=DGROUP  M=c0.ASM     ACBP=48
 068F:0624 0006 C=INITDATA S=_INIT_         G=DGROUP  M=SETUPIO    ACBP=48
 068F:062A 0006 C=INITDATA S=_INIT_         G=DGROUP  M=CRTINIT    ACBP=48
 068F:0630 0000 C=INITDATA S=_INITEND_      G=DGROUP  M=c0.ASM     ACBP=28
 068F:0630 0000 C=EXITDATA S=_EXIT_         G=DGROUP  M=c0.ASM     ACBP=48
 068F:0630 0000 C=EXITDATA S=_EXITEND_      G=DGROUP  M=c0.ASM     ACBP=28
 068F:0630 0000 C=BSS    S=_BSS           G=DGROUP  M=c0.ASM     ACBP=48
 068F:0630 0C04 C=BSS    S=_BSS           G=DGROUP  M=test.c     ACBP=48
 068F:1234 0001 C=BSS    S=_BSS           G=DGROUP  M=os_cpu_c.c ACBP=48
 068F:1236 001B C=BSS    S=_BSS           G=DGROUP  M=pc.c       ACBP=48
 068F:1252 0EAE C=BSS    S=_BSS           G=DGROUP  M=ucos_ii.c  ACBP=48
 068F:2100 0080 C=BSS    S=_BSS           G=DGROUP  M=ATEXIT     ACBP=48
 068F:2180 0000 C=BSS    S=_BSS           G=DGROUP  M=IOERROR    ACBP=48
 068F:2180 0000 C=BSS    S=_BSS           G=DGROUP  M=ISATTY     ACBP=48
 068F:2180 0000 C=BSS    S=_BSS           G=DGROUP  M=LONGTOA    ACBP=48
 068F:2180 0000 C=BSS    S=_BSS           G=DGROUP  M=LSEEK      ACBP=48
 068F:2180 0000 C=BSS    S=_BSS           G=DGROUP  M=SETUPIO    ACBP=48
 068F:2180 0000 C=BSS    S=_BSS           G=DGROUP  M=VPRINTER   ACBP=48
 068F:2180 0000 C=BSS    S=_BSS           G=DGROUP  M=VRAM       ACBP=48
 068F:2180 0000 C=BSS    S=_BSS           G=DGROUP  M=CRTINIT    ACBP=48
 068F:2180 0000 C=BSS    S=_BSS           G=DGROUP  M=GETCH      ACBP=48
 068F:2180 0000 C=BSS    S=_BSS           G=DGROUP  M=KBHIT      ACBP=48
 068F:2180 0000 C=BSS    S=_BSS           G=DGROUP  M=SETBLOCK   ACBP=48
 068F:2180 0000 C=BSS    S=_BSS           G=DGROUP  M=SETJMP     ACBP=48
 068F:2180 0000 C=BSS    S=_BSS           G=DGROUP  M=MEMCPY     ACBP=48
 068F:2180 0001 C=BSS    S=_BSS           G=DGROUP  M=PUTC       ACBP=48
 068F:2182 0000 C=BSS    S=_BSS           G=DGROUP  M=STRLEN     ACBP=48
 068F:2182 0000 C=BSS    S=_BSS           G=DGROUP  M=WRITEA     ACBP=48
 068F:2182 0000 C=BSSEND S=_BSSEND        G=DGROUP  M=c0.ASM     ACBP=28
 08A8:0000 0080 C=STACK  S=_STACK         G=(none)  M=c0.ASM     ACBP=74

  Address         Publics by Name

 068F:0000 idle  DATASEG@
 0000:0291 idle  DGROUP@
 0000:0395 idle  F_LDIV@
 0000:03A4 idle  F_LMOD@
 0000:039C       F_LUDIV@
 0000:03AC idle  F_LUMOD@
 0000:0443       F_LXLSH@
 0000:0355       F_LXMUL@
 0000:0464       F_LXURSH@
 0000:0485 idle  F_PADD@
 0000:04B4 idle  F_PSUB@
 0000:0395 idle  LDIV@
 0000:03A4 idle  LMOD@
 0000:039C idle  LUDIV@
 0000:03AC idle  LUMOD@
 0000:0443 idle  LXLSH@
 0000:0355 idle  LXMUL@
 0000:0464 idle  LXURSH@
 0000:0392 idle  N_LDIV@
 0000:03A1 idle  N_LMOD@
 0000:0399 idle  N_LUDIV@
 0000:03A9 idle  N_LUMOD@
 0000:0440       N_LXLSH@
 0000:0461 idle  N_LXURSH@
 0000:0482       N_PADD@
 0000:0609       N_PCMP@
 0000:04B1 idle  N_PSUB@
 0000:0485 idle  PADD@
 0000:04B4 idle  PSUB@
 0000:027A       _abort
 0259:0272 idle  _ArgumentSet
 0000:0295 idle  _atexit
 0000:0D90 idle  _cprintf
 068F:05D7       _directvideo
 068F:007F       _errno
 0000:031A       _exit
 0000:10B0 idle  _farfree
 0000:11C4 idle  _farmalloc
 0000:1328 idle  _farrealloc
 0000:1ABD       _fflush
 0000:1B8A       _flushall
 0000:1E09       _fputc
 0000:1F9E idle  _fputchar
 0000:10B0       _free
 0000:1C4E       _fseek
 0000:1CCE idle  _ftell
 0000:14E2       _getch
 0000:14FE idle  _getche
 0000:036C       _getdate
 0000:1540       _gettext
 0000:037F       _gettime
 0000:052D       _isatty
 0000:15EC       _kbhit
 0000:1A5D       _longjmp
 0000:05E0       _lseek
 0259:0001       _main
 0000:11BA       _malloc
 0000:1DAE       _memcpy
 0000:15FE       _movetext
 068F:20BC idle  _OSCPUUsage
 028B:002A       _OSCtxSw
 068F:20FC idle  _OSCtxSwCtr
 068F:20F8 idle  _OSEventFreeList
 068F:20E4 idle  _OSEventTbl
 02EE:0B4E idle  _OSFlagAccept
 02EE:0C80 idle  _OSFlagCreate
 02EE:0CF8 idle  _OSFlagDel
 068F:20BD idle  _OSFlagFreeList
 02EE:0E3A idle  _OSFlagPend
 02EE:1094 idle  _OSFlagPost
 02EE:1234 idle  _OSFlagQuery
 068F:20C1 idle  _OSFlagTbl
 068F:1CA5 idle  _OSIdleCtr
 068F:20B8 idle  _OSIdleCtrMax
 068F:20B4 idle  _OSIdleCtrRun
 02EE:0005       _OSInit
 0299:0002       _OSInitHookBegin
 0299:0003       _OSInitHookEnd
 028B:0065       _OSIntCtxSw
 02EE:003D idle  _OSIntEnter
 02EE:0050       _OSIntExit
 068F:1CB1 idle  _OSIntExitY
 068F:1CB2       _OSIntNesting
 068F:1CB0 idle  _OSLockNesting
 068F:0148 idle  _OSMapTbl
 02EE:14C4 idle  _OSMboxAccept
 02EE:150F idle  _OSMboxCreate
 02EE:1584 idle  _OSMboxDel
 02EE:16A2 idle  _OSMboxPend
 02EE:17A4 idle  _OSMboxPost
 02EE:181C idle  _OSMboxPostOpt
 02EE:18BF idle  _OSMboxQuery
 02EE:194D idle  _OSMemCreate
 068F:12EE idle  _OSMemFreeList
 02EE:1A98 idle  _OSMemGet
 02EE:1B16 idle  _OSMemPut
 02EE:1B86 idle  _OSMemQuery
 068F:128A idle  _OSMemTbl
 02EE:1CD3 idle  _OSMutexAccept
 02EE:1D5E idle  _OSMutexCreate
 02EE:1E44 idle  _OSMutexDel
 02EE:1F9E idle  _OSMutexPend
 02EE:2189 idle  _OSMutexPost
 02EE:2311 idle  _OSMutexQuery
 068F:1CAF       _OSPrioCur
 068F:1CAE       _OSPrioHighRdy
 02EE:23C6 idle  _OSQAccept
 02EE:2466 idle  _OSQCreate
 02EE:2589 idle  _OSQDel
 02EE:2706 idle  _OSQFlush
 068F:1286 idle  _OSQFreeList
 02EE:275E idle  _OSQPend
 02EE:28A4 idle  _OSQPost
 02EE:296C idle  _OSQPostFront
 02EE:2A2E idle  _OSQPostOpt
 02EE:2B6C idle  _OSQQuery
 068F:1256 idle  _OSQTbl
 068F:1CAD idle  _OSRdyGrp
 068F:1CAB idle  _OSRdyTbl
 068F:1CAA       _OSRunning
 02EE:01AC idle  _OSSchedLock
 02EE:01C2 idle  _OSSchedUnlock
 02EE:2C91 idle  _OSSemAccept
 02EE:2CC3 idle  _OSSemCreate
 02EE:2D37 idle  _OSSemDel
 02EE:2E55 idle  _OSSemPend
 02EE:2F05 idle  _OSSemPost
 02EE:2F5F idle  _OSSemQuery
 02EE:01EF       _OSStart
 028B:000C       _OSStartHighRdy
 02EE:0310 idle  _OSStatInit
 068F:20B3 idle  _OSStatRdy
 02EE:2FE5 idle  _OSTaskChangePrio
 02EE:31B1       _OSTaskCreate
 02EE:326E idle  _OSTaskCreateExt
 0299:0004       _OSTaskCreateHook
 068F:1CA9 idle  _OSTaskCtr
 02EE:335E idle  _OSTaskDel
 0299:0009       _OSTaskDelHook
 02EE:353D idle  _OSTaskDelReq
 0299:000E       _OSTaskIdleHook
 068F:18A5 idle  _OSTaskIdleStk
 02EE:37BB idle  _OSTaskQuery
 02EE:35A9 idle  _OSTaskResume
 0299:000F       _OSTaskStatHook
 068F:1CB3 idle  _OSTaskStatStk
 02EE:3628 idle  _OSTaskStkChk
 0299:0010       _OSTaskStkInit
 0299:00F6 idle  _OSTaskStkInit_FPE_x86
 02EE:370D idle  _OSTaskSuspend
 0299:01D1       _OSTaskSwHook
 068F:18A1       _OSTCBCur
 068F:189D idle  _OSTCBFreeList
 068F:1899       _OSTCBHighRdy
 0299:01D2       _OSTCBInitHook
 068F:1895       _OSTCBList
 068F:1861 idle  _OSTCBPrioTbl
 068F:12F2 idle  _OSTCBTbl
 068F:1234       _OSTickDOSCtr
 028B:0092       _OSTickISR
 068F:1252 idle  _OSTime
 02EE:3829       _OSTimeDly
 02EE:3870 idle  _OSTimeDlyHMSM
 02EE:395F idle  _OSTimeDlyResume
 02EE:39D7       _OSTimeGet
 02EE:39F6 idle  _OSTimeSet
 02EE:034B       _OSTimeTick
 0299:01D7       _OSTimeTickHook
 068F:0150 idle  _OSUnMapTbl
 02EE:03FC idle  _OSVersion
 02EE:0400 idle  _OS_Dummy
 02EE:0401 idle  _OS_EventTaskRdy
 02EE:04CB idle  _OS_EventTaskWait
 02EE:0538 idle  _OS_EventTO
 02EE:058C idle  _OS_EventWaitListInit
 02EE:1356 idle  _OS_FlagInit
 02EE:1415 idle  _OS_FlagUnlink
 02EE:1C2F idle  _OS_MemInit
 02EE:2C41 idle  _OS_QInit
 02EE:0786 idle  _OS_Sched
 02EE:08CA idle  _OS_TaskIdle
 02EE:08EF idle  _OS_TaskStat
 02EE:09BB idle  _OS_TCBInit
 02B6:0008 idle  _PC_DispChar
 02B6:0046 idle  _PC_DispClrCol
 02B6:008C idle  _PC_DispClrRow
 02B6:00C5       _PC_DispClrScr
 02B6:00F6 idle  _PC_DispStr
 02B6:0145       _PC_DOSReturn
 02B6:0159       _PC_DOSSaveReturn
 02B6:01C7 idle  _PC_ElapsedInit
 02B6:01DB idle  _PC_ElapsedStart
 02B6:0201 idle  _PC_ElapsedStop
 02B6:0252 idle  _PC_GetDateTime
 02B6:02A5       _PC_GetKey
 02B6:02CC       _PC_SetTickRate
 068F:1236 idle  _PC_TickISR
 02B6:0319 idle  _PC_VectGet
 02B6:0350       _PC_VectSet
 0259:025A idle  _Print
 0000:1DD2       _printf
 068F:0630 idle  _ptcb
 0000:169B       _putch
 0000:21B5       _puts
 0000:1596       _puttext
 0000:1321 idle  _realloc
 0000:1A0B       _setblock
 0000:1A27       _setjmp
 0000:220D       _setvbuf
 0000:236A       _sprintf
 0000:23AD       _strlen
 0259:0079 idle  _Task1
 0259:0140 idle  _Task2
 0259:01CD idle  _Task3
 068F:0634 idle  _TaskStk
 0000:1522 idle  _ungetch
 0000:238C idle  _vsprintf
 0000:1A9B idle  _wherex
 0000:1AAA idle  _wherey
 0000:1000 idle  __AHINCR
 0000:000C idle  __AHSHIFT
 068F:0338       __atexitcnt
 068F:2100       __atexittbl
 0000:1418       __brk
 068F:008B       __brklvl
 068F:006B idle  __C0argc
 068F:006D idle  __C0argv
 0000:0E72 idle  __c0crtinit
 068F:0071 idle  __C0environ
 068F:0615       __cChar
 0000:033B idle  __cexit
 068F:0614       __cFlag
 0000:016A       __checknull
 0000:0157       __cleanup
 0000:0C5E       __CPUTN
 0000:0E8F idle  __crtinit
 0000:0000  Abs  __cvtfak
 0000:0349 idle  __c_exit
 068F:0500 idle  __doserrno
 0000:051B idle  __DOSERROR
 068F:0502 idle  __dosErrorToSV
 068F:0075 idle  __envLng
 068F:0077 idle  __envseg
 068F:0079 idle  __envSize
 0000:0329       __exit
 068F:033A       __exitbuf
 068F:033E idle  __exitfopen
 068F:0342 idle  __exitopen
 0000:1DED idle  __fputc
 0000:1FB2       __FPUTN
 068F:0087       __heapbase
 068F:008F       __heaptop
 068F:005B idle  __Int0Vector
 068F:005F idle  __Int4Vector
 068F:0063 idle  __Int5Vector
 068F:0067 idle  __Int6Vector
 0000:04E2       __IOERROR
 0000:053E       __LONGTOA
 0000:0293 idle  __MMODEL
 068F:04D6       __nfile
 0000:14FB idle  __Ngetche
 0000:151F idle  __Nungetch
 068F:04D8       __openfd
 068F:007D idle  __osmajor
 068F:007E idle  __osminor
 068F:007D idle  __osversion
 068F:007B       __psp
 0000:16B2       __REALCVT
 068F:061C       __RealCvtVector
 0000:01C0       __restorezero
 0000:1457       __sbrk
 068F:061E idle  __ScanTodVector
 0000:17EC       __SCREENIO
 0000:189F       __SCROLL
 0000:062A       __setupio
 068F:0081 idle  __StartTime
 068F:055C       __stklen
 068F:0346       __streams
 0000:016B       __terminate
 0000:0000 idle  __turboCrt
 0000:05C0 idle  __UTOA
 0000:1828       __VALIDATEXY
 068F:007D idle  __version
 068F:05C8       __video
 0000:0DE7       __VideoInt
 0000:06FC       __VPRINTER
 0000:0BBF       __VPTR
 0000:0BE4       __VRAM
 0000:1A91       __wherexy
 0000:251D       __write
 068F:05C6       __wscroll
 0000:2559       __xfflush
 068F:0085 idle  ___brklvl
 0000:0F70 idle  ___first
 0000:0F72 idle  ___last
 0000:0F74 idle  ___rover
 0000:23CC       ___write

  Address         Publics by Value

 0000:0000 idle  __turboCrt
 0000:0000  Abs  __cvtfak
 0000:000C idle  __AHSHIFT
 0000:0157       __cleanup
 0000:016A       __checknull
 0000:016B       __terminate
 0000:01C0       __restorezero
 0000:027A       _abort
 0000:0291 idle  DGROUP@
 0000:0293 idle  __MMODEL
 0000:0295 idle  _atexit
 0000:031A       _exit
 0000:0329       __exit
 0000:033B idle  __cexit
 0000:0349 idle  __c_exit
 0000:0355       F_LXMUL@
 0000:0355 idle  LXMUL@
 0000:036C       _getdate
 0000:037F       _gettime
 0000:0392 idle  N_LDIV@
 0000:0395 idle  LDIV@
 0000:0395 idle  F_LDIV@
 0000:0399 idle  N_LUDIV@
 0000:039C       F_LUDIV@
 0000:039C idle  LUDIV@
 0000:03A1 idle  N_LMOD@
 0000:03A4 idle  F_LMOD@
 0000:03A4 idle  LMOD@
 0000:03A9 idle  N_LUMOD@
 0000:03AC idle  LUMOD@
 0000:03AC idle  F_LUMOD@
 0000:0440       N_LXLSH@
 0000:0443       F_LXLSH@
 0000:0443 idle  LXLSH@
 0000:0461 idle  N_LXURSH@
 0000:0464       F_LXURSH@
 0000:0464 idle  LXURSH@
 0000:0482       N_PADD@
 0000:0485 idle  F_PADD@
 0000:0485 idle  PADD@
 0000:04B1 idle  N_PSUB@
 0000:04B4 idle  F_PSUB@
 0000:04B4 idle  PSUB@
 0000:04E2       __IOERROR
 0000:051B idle  __DOSERROR
 0000:052D       _isatty
 0000:053E       __LONGTOA
 0000:05C0 idle  __UTOA
 0000:05E0       _lseek
 0000:0609       N_PCMP@
 0000:062A       __setupio
 0000:06FC       __VPRINTER
 0000:0BBF       __VPTR
 0000:0BE4       __VRAM
 0000:0C5E       __CPUTN
 0000:0D90 idle  _cprintf
 0000:0DE7       __VideoInt
 0000:0E72 idle  __c0crtinit
 0000:0E8F idle  __crtinit
 0000:0F70 idle  ___first
 0000:0F72 idle  ___last
 0000:0F74 idle  ___rover
 0000:1000 idle  __AHINCR
 0000:10B0       _free
 0000:10B0 idle  _farfree
 0000:11BA       _malloc
 0000:11C4 idle  _farmalloc
 0000:1321 idle  _realloc
 0000:1328 idle  _farrealloc
 0000:1418       __brk
 0000:1457       __sbrk
 0000:14E2       _getch
 0000:14FB idle  __Ngetche
 0000:14FE idle  _getche
 0000:151F idle  __Nungetch
 0000:1522 idle  _ungetch
 0000:1540       _gettext
 0000:1596       _puttext
 0000:15EC       _kbhit
 0000:15FE       _movetext
 0000:169B       _putch
 0000:16B2       __REALCVT
 0000:17EC       __SCREENIO
 0000:1828       __VALIDATEXY
 0000:189F       __SCROLL
 0000:1A0B       _setblock
 0000:1A27       _setjmp
 0000:1A5D       _longjmp
 0000:1A91       __wherexy
 0000:1A9B idle  _wherex
 0000:1AAA idle  _wherey
 0000:1ABD       _fflush
 0000:1B8A       _flushall
 0000:1C4E       _fseek
 0000:1CCE idle  _ftell
 0000:1DAE       _memcpy
 0000:1DD2       _printf
 0000:1DED idle  __fputc
 0000:1E09       _fputc
 0000:1F9E idle  _fputchar
 0000:1FB2       __FPUTN
 0000:21B5       _puts
 0000:220D       _setvbuf
 0000:236A       _sprintf
 0000:238C idle  _vsprintf
 0000:23AD       _strlen
 0000:23CC       ___write
 0000:251D       __write
 0000:2559       __xfflush
 0259:0001       _main
 0259:0079 idle  _Task1
 0259:0140 idle  _Task2
 0259:01CD idle  _Task3
 0259:025A idle  _Print
 0259:0272 idle  _ArgumentSet
 028B:000C       _OSStartHighRdy
 028B:002A       _OSCtxSw
 028B:0065       _OSIntCtxSw
 028B:0092       _OSTickISR
 0299:0002       _OSInitHookBegin
 0299:0003       _OSInitHookEnd
 0299:0004       _OSTaskCreateHook
 0299:0009       _OSTaskDelHook
 0299:000E       _OSTaskIdleHook
 0299:000F       _OSTaskStatHook
 0299:0010       _OSTaskStkInit
 0299:00F6 idle  _OSTaskStkInit_FPE_x86
 0299:01D1       _OSTaskSwHook
 0299:01D2       _OSTCBInitHook
 0299:01D7       _OSTimeTickHook
 02B6:0008 idle  _PC_DispChar
 02B6:0046 idle  _PC_DispClrCol
 02B6:008C idle  _PC_DispClrRow
 02B6:00C5       _PC_DispClrScr
 02B6:00F6 idle  _PC_DispStr
 02B6:0145       _PC_DOSReturn
 02B6:0159       _PC_DOSSaveReturn
 02B6:01C7 idle  _PC_ElapsedInit
 02B6:01DB idle  _PC_ElapsedStart
 02B6:0201 idle  _PC_ElapsedStop
 02B6:0252 idle  _PC_GetDateTime
 02B6:02A5       _PC_GetKey
 02B6:02CC       _PC_SetTickRate
 02B6:0319 idle  _PC_VectGet
 02B6:0350       _PC_VectSet
 02EE:0005       _OSInit
 02EE:003D idle  _OSIntEnter
 02EE:0050       _OSIntExit
 02EE:01AC idle  _OSSchedLock
 02EE:01C2 idle  _OSSchedUnlock
 02EE:01EF       _OSStart
 02EE:0310 idle  _OSStatInit
 02EE:034B       _OSTimeTick
 02EE:03FC idle  _OSVersion
 02EE:0400 idle  _OS_Dummy
 02EE:0401 idle  _OS_EventTaskRdy
 02EE:04CB idle  _OS_EventTaskWait
 02EE:0538 idle  _OS_EventTO
 02EE:058C idle  _OS_EventWaitListInit
 02EE:0786 idle  _OS_Sched
 02EE:08CA idle  _OS_TaskIdle
 02EE:08EF idle  _OS_TaskStat
 02EE:09BB idle  _OS_TCBInit
 02EE:0B4E idle  _OSFlagAccept
 02EE:0C80 idle  _OSFlagCreate
 02EE:0CF8 idle  _OSFlagDel
 02EE:0E3A idle  _OSFlagPend
 02EE:1094 idle  _OSFlagPost
 02EE:1234 idle  _OSFlagQuery
 02EE:1356 idle  _OS_FlagInit
 02EE:1415 idle  _OS_FlagUnlink
 02EE:14C4 idle  _OSMboxAccept
 02EE:150F idle  _OSMboxCreate
 02EE:1584 idle  _OSMboxDel
 02EE:16A2 idle  _OSMboxPend
 02EE:17A4 idle  _OSMboxPost
 02EE:181C idle  _OSMboxPostOpt
 02EE:18BF idle  _OSMboxQuery
 02EE:194D idle  _OSMemCreate
 02EE:1A98 idle  _OSMemGet
 02EE:1B16 idle  _OSMemPut
 02EE:1B86 idle  _OSMemQuery
 02EE:1C2F idle  _OS_MemInit
 02EE:1CD3 idle  _OSMutexAccept
 02EE:1D5E idle  _OSMutexCreate
 02EE:1E44 idle  _OSMutexDel
 02EE:1F9E idle  _OSMutexPend
 02EE:2189 idle  _OSMutexPost
 02EE:2311 idle  _OSMutexQuery
 02EE:23C6 idle  _OSQAccept
 02EE:2466 idle  _OSQCreate
 02EE:2589 idle  _OSQDel
 02EE:2706 idle  _OSQFlush
 02EE:275E idle  _OSQPend
 02EE:28A4 idle  _OSQPost
 02EE:296C idle  _OSQPostFront
 02EE:2A2E idle  _OSQPostOpt
 02EE:2B6C idle  _OSQQuery
 02EE:2C41 idle  _OS_QInit
 02EE:2C91 idle  _OSSemAccept
 02EE:2CC3 idle  _OSSemCreate
 02EE:2D37 idle  _OSSemDel
 02EE:2E55 idle  _OSSemPend
 02EE:2F05 idle  _OSSemPost
 02EE:2F5F idle  _OSSemQuery
 02EE:2FE5 idle  _OSTaskChangePrio
 02EE:31B1       _OSTaskCreate
 02EE:326E idle  _OSTaskCreateExt
 02EE:335E idle  _OSTaskDel
 02EE:353D idle  _OSTaskDelReq
 02EE:35A9 idle  _OSTaskResume
 02EE:3628 idle  _OSTaskStkChk
 02EE:370D idle  _OSTaskSuspend
 02EE:37BB idle  _OSTaskQuery
 02EE:3829       _OSTimeDly
 02EE:3870 idle  _OSTimeDlyHMSM
 02EE:395F idle  _OSTimeDlyResume
 02EE:39D7       _OSTimeGet
 02EE:39F6 idle  _OSTimeSet
 068F:0000 idle  DATASEG@
 068F:005B idle  __Int0Vector
 068F:005F idle  __Int4Vector
 068F:0063 idle  __Int5Vector
 068F:0067 idle  __Int6Vector
 068F:006B idle  __C0argc
 068F:006D idle  __C0argv
 068F:0071 idle  __C0environ
 068F:0075 idle  __envLng
 068F:0077 idle  __envseg
 068F:0079 idle  __envSize
 068F:007B       __psp
 068F:007D idle  __osversion
 068F:007D idle  __osmajor
 068F:007D idle  __version
 068F:007E idle  __osminor
 068F:007F       _errno
 068F:0081 idle  __StartTime
 068F:0085 idle  ___brklvl
 068F:0087       __heapbase
 068F:008B       __brklvl
 068F:008F       __heaptop
 068F:0148 idle  _OSMapTbl
 068F:0150 idle  _OSUnMapTbl
 068F:0338       __atexitcnt
 068F:033A       __exitbuf
 068F:033E idle  __exitfopen
 068F:0342 idle  __exitopen
 068F:0346       __streams
 068F:04D6       __nfile
 068F:04D8       __openfd
 068F:0500 idle  __doserrno
 068F:0502 idle  __dosErrorToSV
 068F:055C       __stklen
 068F:05C6       __wscroll
 068F:05C8       __video
 068F:05D7       _directvideo
 068F:0614       __cFlag
 068F:0615       __cChar
 068F:061C       __RealCvtVector
 068F:061E idle  __ScanTodVector
 068F:0630 idle  _ptcb
 068F:0634 idle  _TaskStk
 068F:1234       _OSTickDOSCtr
 068F:1236 idle  _PC_TickISR
 068F:1252 idle  _OSTime
 068F:1256 idle  _OSQTbl
 068F:1286 idle  _OSQFreeList
 068F:128A idle  _OSMemTbl
 068F:12EE idle  _OSMemFreeList
 068F:12F2 idle  _OSTCBTbl
 068F:1861 idle  _OSTCBPrioTbl
 068F:1895       _OSTCBList
 068F:1899       _OSTCBHighRdy
 068F:189D idle  _OSTCBFreeList
 068F:18A1       _OSTCBCur
 068F:18A5 idle  _OSTaskIdleStk
 068F:1CA5 idle  _OSIdleCtr
 068F:1CA9 idle  _OSTaskCtr
 068F:1CAA       _OSRunning
 068F:1CAB idle  _OSRdyTbl
 068F:1CAD idle  _OSRdyGrp
 068F:1CAE       _OSPrioHighRdy
 068F:1CAF       _OSPrioCur
 068F:1CB0 idle  _OSLockNesting
 068F:1CB1 idle  _OSIntExitY
 068F:1CB2       _OSIntNesting
 068F:1CB3 idle  _OSTaskStatStk
 068F:20B3 idle  _OSStatRdy
 068F:20B4 idle  _OSIdleCtrRun
 068F:20B8 idle  _OSIdleCtrMax
 068F:20BC idle  _OSCPUUsage
 068F:20BD idle  _OSFlagFreeList
 068F:20C1 idle  _OSFlagTbl
 068F:20E4 idle  _OSEventTbl
 068F:20F8 idle  _OSEventFreeList
 068F:20FC idle  _OSCtxSwCtr
 068F:2100       __atexittbl

Program entry point at 0000:0000

